ets Jul 29 2019 12:21:46

rst:0x1 (POWERON_RESET),boot:0x13 (SFAST_FLASH_BOOT)
configsip: 0, SPIWP:0xee
clk_drv:0x00,q_drv:0x00,d_drv:0x00,cs0_drv:0x00,hd_drv:0x00,wp_drv:0x00
mode:DIO, clock div:2
load:0x3fff0030,len:7172
load:0x40078000,len:15540
loaï¿½ets Jul 29 2019 12:21:46

rst:0x1 (POWERON_RESET),boot:0x13 (SPI_FAST_FLASH_BOOT)
configsip: 0, SPIWP:0xee
clk_drv:0x00,q_drv:0x00,d_drv:0x00,cs0_drv:0x00,hd_drv:0x00,wp_drv:0x00
mode:DIO, clock div:2
load:0x3fff0030,len:7172
load:0x40078000,len:15540
load:0x40080400,len:4
ho 8 tail 4 room 4
load:0x40080404,len:3904
entry 0x40080640
[0;32mI (31) boot: ESP-IDF v5.2.1 2nd stage bootloader[0m
[0;32mI (31) boot: compile time Apr 15 2024 11:53:17[0m
[0;32mI (31) boot: Multicore bootloader[0m
[0;32mI (35) boot: chip revision: v3.1[0m
[0;32mI (39) boot.esp32: SPI Speed      : 40MHz[0m
[0;32mI (44) boot.esp32: SPI Mode       : DIO[0m
[0;32mI (48) boot.esp32: SPI Flash Size : 2MB[0m
[0;32mI (53) boot: Enabling RNG early entropy source...[0m
[0;32mI (58) boot: Partition Table:[0m
[0;32mI (62) boot: ## Label            Usage          Type ST Offset   Length[0m
[0;32mI (69) boot:  0 nvs              WiFi data        01 02 00009000 00006000[0m
[0;32mI (77) boot:  1 phy_init         RF data          01 01 0000f000 00001000[0m
[0;32mI (84) boot:  2 factory          factory app      00 00 00010000 00100000[0m
[0;32mI (92) boot: End of partition table[0m
[0;32mI (96) esp_image: segment 0: paddr=00010020 vaddr=3f400020 size=24f60h (151392) map[0m
[0;32mI (156) esp_image: segment 1: paddr=00034f88 vaddr=3ffbdb60 size=04afch ( 19196) load[0m
[0;32mI (163) esp_image: segment 2: paddr=00039a8c vaddr=40080000 size=0658ch ( 25996) load[0m
[0;32mI (174) esp_image: segment 3: paddr=00040020 vaddr=400d0020 size=84c18h (543768) map[0m
[0;32mI (360) esp_image: segment 4: paddr=000c4c40 vaddr=4008658c size=13dcch ( 81356) load[0m
[0;32mI (406) boot: Loaded app from partition at offset 0x10000[0m
[0;32mI (406) boot: Disabling RNG early entropy source...[0m
[0;32mI (417) cpu_start: Multicore app[0m
[0;32mI (426) cpu_start: Pro cpu start user code[0m
[0;32mI (426) cpu_start: cpu freq: 160000000 Hz[0m
[0;32mI (426) cpu_start: Application information:[0m
[0;32mI (429) cpu_start: Project name:     gatt_server[0m
[0;32mI (434) cpu_start: App version:      1[0m
[0;32mI (439) cpu_start: Compile time:     Apr 15 2024 11:53:03[0m
[0;32mI (445) cpu_start: ELF file SHA256:  b4ff4ebed...[0m
[0;32mI (450) cpu_start: ESP-IDF:          v5.2.1[0m
[0;32mI (455) cpu_start: Min chip rev:     v0.0[0m
[0;32mI (460) cpu_start: Max chip rev:     v3.99 [0m
[0;32mI (465) cpu_start: Chip rev:         v3.1[0m
[0;32mI (470) heap_init: Initializing. RAM available for dynamic allocation:[0m
[0;32mI (477) heap_init: At 3FFAFF10 len 000000F0 (0 KiB): DRAM[0m
[0;32mI (483) heap_init: At 3FFB6388 len 00001C78 (7 KiB): DRAM[0m
[0;32mI (489) heap_init: At 3FFB9A20 len 00004108 (16 KiB): DRAM[0m
[0;32mI (495) heap_init: At 3FFC7260 len 00018DA0 (99 KiB): DRAM[0m
[0;32mI (501) heap_init: At 3FFE0440 len 00003AE0 (14 KiB): D/IRAM[0m
[0;32mI (507) heap_init: At 3FFE4350 len 0001BCB0 (111 KiB): D/IRAM[0m
[0;32mI (514) heap_init: At 4009A358 len 00005CA8 (23 KiB): IRAM[0m
[0;32mI (522) spi_flash: detected chip: generic[0m
[0;32mI (525) spi_flash: flash io: dio[0m
[0;33mW (529) spi_flash: Detected size(4096k) larger than the size in the binary image header(2048k). Using the size in the binary image header.[0m
[0;33mW (542) i2c: This driver is an old driver, please migrate your application code to adapt `driver/i2c_master.h`[0m
[0;32mI (553) coexist: coex firmware version: 77cd7f8[0m
[0;32mI (558) main_task: Started on CPU0[0m
[0;32mI (568) main_task: Calling app_main()[0m
[0;32mI (568) mpu: Pitch: 0.000000 Roll: 0.000000[0m
[0;31mE (1568) FreeRTOS: FreeRTOS Task "mpuval" should not return, Aborting now![0m

abort() was called at PC 0x400931d3 on core 0


Backtrace: 0x4008190e:0x3ffc8690 0x400926cd:0x3ffc86b0 0x40098425:0x3ffc86d0 0x400931d3:0x3ffc8740




ELF file SHA256: b4ff4ebed

Rebooting...
ets Jul 29 2019 12:21:46

rst:0xc (SW_CPU_RESET),boot:0x13 (SPI_FAST_FLASH_BOOT)
configsip: 0, SPIWP:0xee
clk_drv:0x00,q_drv:0x00,d_drv:0x00,cs0_drv:0x00,hd_drv:0x00,wp_drv:0x00
mode:DIO, clock div:2
load:0x3fff0030,len:7172
load:0x40078000,len:15540
load:0x40080400,len:4
ho 8 tail 4 room 4
load:0x40080404,len:3904
entry 0x40080640
[0;32mI (31) boot: ESP-IDF v5.2.1 2nd stage bootloader[0m
[0;32mI (31) boot: compile time Apr 15 2024 11:53:17[0m
[0;32mI (31) boot: Multicore bootloader[0m
[0;32mI (35) boot: chip revision: v3.1[0m
[0;32mI (39) boot.esp32: SPI Speed      : 40MHz[0m
[0;32mI (44) boot.esp32: SPI Mode       : DIO[0m
[0;32mI (48) boot.esp32: SPI Flash Size : 2MB[0m
[0;32mI (53) boot: Enabling RNG early entropy source...[0m
[0;32mI (58) boot: Partition Table:[0m
[0;32mI (62) boot: ## Label            Usage          Type ST Offset   Length[0m
[0;32mI (69) boot:  0 nvs              WiFi data        01 02 00009000 00006000[0m
[0;32mI (76) boot:  1 phy_init         RF data          01 01 0000f000 00001000[0m
[0;32mI (84) boot:  2 factory          factory app      00 00 00010000 00100000[0m
[0;32mI (91) boot: End of partition table[0m
[0;32mI (96) esp_image: segment 0: paddr=00010020 vaddr=3f400020 size=24f60h (151392) map[0m
[0;32mI (156) esp_image: segment 1: paddr=00034f88 vaddr=3ffbdb60 size=04afch ( 19196) load[0m
[0;32mI (163) esp_image: segment 2: paddr=00039a8c vaddr=40080000 size=0658ch ( 25996) load[0m
[0;32mI (174) esp_image: segment 3: paddr=00040020 vaddr=400d0020 size=84c18h (543768) map[0m
[0;32mI (360) esp_image: segment 4: paddr=000c4c40 vaddr=4008658c size=13dcch ( 81356) load[0m
[0;32mI (406) boot: Loaded app from partition at offset 0x10000[0m
[0;32mI (406) boot: Disabling RNG early entropy source...[0m
[0;32mI (417) cpu_start: Multicore app[0m
[0;32mI (426) cpu_start: Pro cpu start user code[0m
[0;32mI (426) cpu_start: cpu freq: 160000000 Hz[0m
[0;32mI (426) cpu_start: Application information:[0m
[0;32mI (429) cpu_start: Project name:     gatt_server[0m
[0;32mI (434) cpu_start: App version:      1[0m
[0;32mI (439) cpu_start: Compile time:     Apr 15 2024 11:53:03[0m
[0;32mI (445) cpu_start: ELF file SHA256:  b4ff4ebed...[0m
[0;32mI (450) cpu_start: ESP-IDF:          v5.2.1[0m
[0;32mI (455) cpu_start: Min chip rev:     v0.0[0m
[0;32mI (460) cpu_start: Max chip rev:     v3.99 [0m
[0;32mI (465) cpu_start: Chip rev:         v3.1[0m
[0;32mI (470) heap_init: Initializing. RAM available for dynamic allocation:[0m
[0;32mI (477) heap_init: At 3FFAFF10 len 000000F0 (0 KiB): DRAM[0m
[0;32mI (483) heap_init: At 3FFB6388 len 00001C78 (7 KiB): DRAM[0m
[0;32mI (489) heap_init: At 3FFB9A20 len 00004108 (16 KiB): DRAM[0m
[0;32mI (495) heap_init: At 3FFC7260 len 00018DA0 (99 KiB): DRAM[0m
[0;32mI (501) heap_init: At 3FFE0440 len 00003AE0 (14 KiB): D/IRAM[0m
[0;32mI (507) heap_init: At 3FFE4350 len 0001BCB0 (111 KiB): D/IRAM[0m
[0;32mI (514) heap_init: At 4009A358 len 00005CA8 (23 KiB): IRAM[0m
[0;32mI (522) spi_flash: detected chip: generic[0m
[0;32mI (525) spi_flash: flash io: dio[0m
[0;33mW (529) spi_flash: Detected size(4096k) larger than the size in the binary image header(2048k). Using the size in the binary image header.[0m
[0;33mW (542) i2c: This driver is an old driver, please migrate your application code to adapt `driver/i2c_master.h`[0m
[0;32mI (553) coexist: coex firmware version: 77cd7f8[0m
[0;32mI (558) main_task: Started on CPU0[0m
[0;32mI (568) main_task: Calling app_main()[0m
[0;32mI (568) mpu: Pitch: 0.000000 Roll: 0.000000[0m
[0;31mE (1568) FreeRTOS: FreeRTOS Task "mpuval" should not return, Aborting now![0m

abort() was called at PC 0x400931d3 on core 0


Backtrace: 0x4008190e:0x3ffc8690 0x400926cd:0x3ffc86b0 0x40098425:0x3ffc86d0 0x400931d3:0x3ffc8740




ELF file SHA256: b4ff4ebed

Rebooting...
ets Jul 29 2019 12:21:46

rst:0xc (SW_CPU_RESET),boot:0x13 (SPI_FAST_FLASH_BOOT)
configsip: 0, SPIWP:0xee
clk_drv:0x00,q_drv:0x00,d_drv:0x00,cs0_drv:0x00,hd_drv:0x00,wp_drv:0x00
mode:DIO, clock div:2
load:0x3fff0030,len:7172
load:0x40078000,len:15540
load:0x40080400,len:4
ho 8 tail 4 room 4
load:0x40080404,len:3904
entry 0x40080640
[0;32mI (31) boot: ESP-IDF v5.2.1 2nd stage bootloader[0m
[0;32mI (31) boot: compile time Apr 15 2024 11:53:17[0m
[0;32mI (31) boot: Multicore bootloader[0m
[0;32mI (35) boot: chip revision: v3.1[0m
[0;32mI (39) boot.esp32: SPI Speed      : 40MHz[0m
[0;32mI (44) boot.esp32: SPI Mode       : DIO[0m
[0;32mI (48) boot.esp32: SPI Flash Size : 2MB[0m
[0;32mI (53) boot: Enabling RNG early entropy source...[0m
[0;32mI (58) boot: Partition Table:[0m
[0;32mI (62) boot: ## Label            Usage          Type ST Offset   Length[0m
[0;32mI (69) boot:  0 nvs              WiFi data        01 02 00009000 00006000[0m
[0;32mI (76) boot:  1 phy_init         RF data          01 01 0000f000 00001000[0m
[0;32mI (84) boot:  2 factory          factory app      00 00 00010000 00100000[0m
[0;32mI (91) boot: End of partition table[0m
[0;32mI (96) esp_image: segment 0: paddr=00010020 vaddr=3f400020 size=24f60h (151392) map[0m
[0;32mI (156) esp_image: segment 1: paddr=00034f88 vaddr=3ffbdb60 size=04afch ( 19196) load[0m
[0;32mI (163) esp_image: segment 2: paddr=00039a8c vaddr=40080000 size=0658ch ( 25996) load[0m
[0;32mI (174) esp_image: segment 3: paddr=00040020 vaddr=400d0020 size=84c18h (543768) map[0m
[0;32mI (360) esp_image: segment 4: paddr=000c4c40 vaddr=4008658c size=13dcch ( 81356) load[0m
[0;32mI (406) boot: Loaded app from partition at offset 0x10000[0m
[0;32mI (406) boot: Disabling RNG early entropy source...[0m
[0;32mI (417) cpu_start: Multicore app[0m
[0;32mI (426) cpu_start: Pro cpu start user code[0m
[0;32mI (426) cpu_start: cpu freq: 160000000 Hz[0m
[0;32mI (426) cpu_start: Application information:[0m
[0;32mI (429) cpu_start: Project name:     gatt_server[0m
[0;32mI (434) cpu_start: App version:      1[0m
[0;32mI (439) cpu_start: Compile time:     Apr 15 2024 11:53:03[0m
[0;32mI (445) cpu_start: ELF file SHA256:  b4ff4ebed...[0m
[0;32mI (450) cpu_start: ESP-IDF:          v5.2.1[0m
[0;32mI (455) cpu_start: Min chip rev:     v0.0[0m
[0;32mI (460) cpu_start: Max chip rev:     v3.99 [0m
[0;32mI (465) cpu_start: Chip rev:         v3.1[0m
[0;32mI (470) heap_init: Initializing. RAM available for dynamic allocation:[0m
[0;32mI (477) heap_init: At 3FFAFF10 len 000000F0 (0 KiB): DRAM[0m
[0;32mI (483) heap_init: At 3FFB6388 len 00001C78 (7 KiB): DRAM[0m
[0;32mI (489) heap_init: At 3FFB9A20 len 00004108 (16 KiB): DRAM[0m
[0;32mI (495) heap_init: At 3FFC7260 len 00018DA0 (99 KiB): DRAM[0m
[0;32mI (501) heap_init: At 3FFE0440 len 00003AE0 (14 KiB): D/IRAM[0m
[0;32mI (507) heap_init: At 3FFE4350 len 0001BCB0 (111 KiB): D/IRAM[0m
[0;32mI (514) heap_init: At 4009A358 len 00005CA8 (23 KiB): IRAM[0m
[0;32mI (522) spi_flash: detected chip: generic[0m
[0;32mI (525) spi_flash: flash io: dio[0m
[0;33mW (529) spi_flash: Detected size(4096k) larger than the size in the binary image header(2048k). Using the size in the binary image header.[0m
[0;33mW (542) i2c: This driver is an old driver, please migrate your application code to adapt `driver/i2c_master.h`[0m
[0;32mI (553) coexist: coex firmware version: 77cd7f8[0m
[0;32mI (558) main_task: Started on CPU0[0m
[0;32mI (568) main_task: Calling app_main()[0m
[0;32mI (568) mpu: Pitch: 0.000000 Roll: 0.000000[0m
[0;31mE (1568) FreeRTOS: FreeRTOS Task "mpuval" should not return, Aborting now![0m

abort() was called at PC 0x400931d3 on core 0


Backtrace: 0x4008190e:0x3ffc8690 0x400926cd:0x3ffc86b0 0x40098425:0x3ffc86d0 0x400931d3:0x3ffc8740




ELF file SHA256: b4ff4ebed

Rebooting...
ets Jul 29 2019 12:21:46

rst:0xc (SW_CPU_RESET),boot:0x13 (SPI_FAST_FLASH_BOOT)
configsip: 0, SPIWP:0xee
clk_drv:0x00,q_drv:0x00,d_drv:0x00,cs0_drv:0x00,hd_drv:0x00,wp_drv:0x00
mode:DIO, clock div:2
load:0x3fff0030,len:7172
load:0x40078000,len:15540
load:0x40080400,len:4
ho 8 tail 4 room 4
load:0x40080404,len:3904
entry 0x40080640
[0;32mI (31) boot: ESP-IDF v5.2.1 2nd stage bootloader[0m
[0;32mI (31) boot: compile time Apr 15 2024 11:53:17[0m
[0;32mI (31) boot: Multicore bootloader[0m
[0;32mI (35) boot: chip revision: v3.1[0m
[0;32mI (39) boot.esp32: SPI Speed      : 40MHz[0m
[0;32mI (44) boot.esp32: SPI Mode       : DIO[0m
[0;32mI (48) boot.esp32: SPI Flash Size : 2MB[0m
[0;32mI (53) boot: Enabling RNG early entropy source...[0m
[0;32mI (58) boot: Partition Table:[0m
[0;32mI (62) boot: ## Label            Usage          Type ST Offset   Length[0m
[0;32mI (69) boot:  0 nvs              WiFi data        01 02 00009000 00006000[0m
[0;32mI (76) boot:  1 phy_init         RF data          01 01 0000f000 00001000[0m
[0;32mI (84) boot:  2 factory          factory app      00 00 00010000 00100000[0m
[0;32mI (91) boot: End of partition table[0m
[0;32mI (96) esp_image: segment 0: paddr=00010020 vaddr=3f400020 size=24f60h (151392) map[0m
[0;32mI (156) esp_image: segment 1: paddr=00034f88 vaddr=3ffbdb60 size=04afch ( 19196) load[0m
[0;32mI (163) esp_image: segment 2: paddr=00039a8c vaddr=40080000 size=0658ch ( 25996) load[0m
[0;32mI (174) esp_image: segment 3: paddr=00040020 vaddr=400d0020 size=84c18h (543768) map[0m
[0;32mI (360) esp_image: segment 4: paddr=000c4c40 vaddr=4008658c size=13dcch ( 81356) load[0m
[0;32mI (406) boot: Loaded app from partition at offset 0x10000[0m
[0;32mI (406) boot: Disabling RNG early entropy source...[0m
[0;32mI (417) cpu_start: Multicore app[0m
[0;32mI (426) cpu_start: Pro cpu start user code[0m
[0;32mI (426) cpu_start: cpu freq: 160000000 Hz[0m
[0;32mI (426) cpu_start: Application information:[0m
[0;32mI (429) cpu_start: Project name:     gatt_server[0m
[0;32mI (434) cpu_start: App version:      1[0m
[0;32mI (439) cpu_start: Compile time:     Apr 15 2024 11:53:03[0m
[0;32mI (445) cpu_start: ELF file SHA256:  b4ff4ebed...[0m
[0;32mI (450) cpu_start: ESP-IDF:          v5.2.1[0m
[0;32mI (455) cpu_start: Min chip rev:     v0.0[0m
[0;32mI (460) cpu_start: Max chip rev:     v3.99 [0m
[0;32mI (465) cpu_start: Chip rev:         v3.1[0m
[0;32mI (470) heap_init: Initializing. RAM available for dynamic allocation:[0m
[0;32mI (477) heap_init: At 3FFAFF10 len 000000F0 (0 KiB): DRAM[0m
[0;32mI (483) heap_init: At 3FFB6388 len 00001C78 (7 KiB): DRAM[0m
[0;32mI (489) heap_init: At 3FFB9A20 len 00004108 (16 KiB): DRAM[0m
[0;32mI (495) heap_init: At 3FFC7260 len 00018DA0 (99 KiB): DRAM[0m
[0;32mI (501) heap_init: At 3FFE0440 len 00003AE0 (14 KiB): D/IRAM[0m
[0;32mI (507) heap_init: At 3FFE4350 len 0001BCB0 (111 KiB): D/IRAM[0m
[0;32mI (514) heap_init: At 4009A358 len 00005CA8 (23 KiB): IRAM[0m
[0;32mI (522) spi_flash: detected chip: generic[0m
[0;32mI (525) spi_flash: flash io: dio[0m
[0;33mW (529) spi_flash: Detected size(4096k) larger than the size in the binary image header(2048k). Using the size in the binary image header.[0m
[0;33mW (542) i2c: This driver is an old driver, please migrate your application code to adapt `driver/i2c_master.h`[0m
[0;32mI (553) coexist: coex firmware version: 77cd7f8[0m
[0;32mI (558) main_task: Started on CPU0[0m
[0;32mI (568) main_task: Calling app_main()[0m
[0;32mI (568) mpu: Pitch: 0.000000 Roll: 0.000000[0m
[0;31mE (1568) FreeRTOS: FreeRTOS Task "mpuval" should not return, Aborting now![0m

abort() was called at PC 0x400931d3 on core 0


Backtrace: 0x4008190e:0x3ffc8690 0x400926cd:0x3ffc86b0 0x40098425:0x3ffc86d0 0x400931d3:0x3ffc8740




ELF file SHA256: b4ff4ebed

Rebooting...
ets Jul 29 2019 12:21:46

rst:0xc (SW_CPU_RESET),boot:0x13 (SPI_FAST_FLASH_BOOT)
configsip: 0, SPIWP:0xee
clk_drv:0x00,q_drv:0x00,d_drv:0x00,cs0_drv:0x00,hd_drv:0x00,wp_drv:0x00
mode:DIO, clock div:2
load:0x3fff0030,len:7172
load:0x40078000,len:15540
load:0x40080400,len:4
ho 8 tail 4 room 4
load:0x40080404,len:3904
entry 0x40080640
[0;32mI (31) boot: ESP-IDF v5.2.1 2nd stage bootloader[0m
[0;32mI (31) boot: compile time Apr 15 2024 11:53:17[0m
[0;32mI (31) boot: Multicore bootloader[0m
[0;32mI (35) boot: chip revision: v3.1[0m
[0;32mI (39) boot.esp32: SPI Speed      : 40MHz[0m
[0;32mI (44) boot.esp32: SPI Mode       : DIO[0m
[0;32mI (48) boot.esp32: SPI Flash Size : 2MB[0m
[0;32mI (53) boot: Enabling RNG early entropy source...[0m
[0;32mI (58) boot: Partition Table:[0m
[0;32mI (62) boot: ## Label            Usage          Type ST Offset   Length[0m
[0;32mI (69) boot:  0 nvs              WiFi data        01 02 00009000 00006000[0m
[0;32mI (76) boot:  1 phy_init         RF data          01 01 0000f000 00001000[0m
[0;32mI (84) boot:  2 factory          factory app      00 00 00010000 00100000[0m
[0;32mI (91) boot: End of partition table[0m
[0;32mI (96) esp_image: segment 0: paddr=00010020 vaddr=3f400020 size=24f60h (151392) map[0m
[0;32mI (156) esp_image: segment 1: paddr=00034f88 vaddr=3ffbdb60 size=04afch ( 19196) load[0m
[0;32mI (163) esp_image: segment 2: paddr=00039a8c vaddr=40080000 size=0658ch ( 25996) load[0m
[0;32mI (174) esp_image: segment 3: paddr=00040020 vaddr=400d0020 size=84c18h (543768) map[0m
[0;32mI (360) esp_image: segment 4: paddr=000c4c40 vaddr=4008658c size=13dcch ( 81356) load[0m
[0;32mI (406) boot: Loaded app from partition at offset 0x10000[0m
[0;32mI (406) boot: Disabling RNG early entropy source...[0m
[0;32mI (417) cpu_start: Multicore app[0m
[0;32mI (426) cpu_start: Pro cpu start user code[0m
[0;32mI (426) cpu_start: cpu freq: 160000000 Hz[0m
[0;32mI (426) cpu_start: Application information:[0m
[0;32mI (429) cpu_start: Project name:     gatt_server[0m
[0;32mI (434) cpu_start: App version:      1[0m
[0;32mI (439) cpu_start: Compile time:     Apr 15 2024 11:53:03[0m
[0;32mI (445) cpu_start: ELF file SHA256:  b4ff4ebed...[0m
[0;32mI (450) cpu_start: ESP-IDF:          v5.2.1[0m
[0;32mI (455) cpu_start: Min chip rev:     v0.0[0m
[0;32mI (460) cpu_start: Max chip rev:     v3.99 [0m
[0;32mI (465) cpu_start: Chip rev:         v3.1[0m
[0;32mI (470) heap_init: Initializing. RAM available for dynamic allocation:[0m
[0;32mI (477) heap_init: At 3FFAFF10 len 000000F0 (0 KiB): DRAM[0m
[0;32mI (483) heap_init: At 3FFB6388 len 00001C78 (7 KiB): DRAM[0m
[0;32mI (489) heap_init: At 3FFB9A20 len 00004108 (16 KiB): DRAM[0m
[0;32mI (495) heap_init: At 3FFC7260 len 00018DA0 (99 KiB): DRAM[0m
[0;32mI (501) heap_init: At 3FFE0440 len 00003AE0 (14 KiB): D/IRAM[0m
[0;32mI (507) heap_init: At 3FFE4350 len 0001BCB0 (111 KiB): D/IRAM[0m
[0;32mI (514) heap_init: At 4009A358 len 00005CA8 (23 KiB): IRAM[0m
[0;32mI (522) spi_flash: detected chip: generic[0m
[0;32mI (525) spi_flash: flash io: dio[0m
[0;33mW (529) spi_flash: Detected size(4096k) larger than the size in the binary image header(2048k). Using the size in the binary image header.[0m
[0;33mW (542) i2c: This driver is an old driver, please migrate your application code to adapt `driver/i2c_master.h`[0m
[0;32mI (553) coexist: coex firmware version: 77cd7f8[0m
[0;32mI (558) main_task: Started on CPU0[0m
[0;32mI (568) main_task: Calling app_main()[0m
[0;32mI (568) mpu: Pitch: 0.000000 Roll: 0.000000[0m
[0;31mE (1568) FreeRTOS: FreeRTOS Task "mpuval" should not return, Aborting now![0m

abort() was called at PC 0x400931d3 on core 0


Backtrace: 0x4008190e:0x3ffc8690 0x400926cd:0x3ffc86b0 0x40098425:0x3ffc86d0 0x400931d3:0x3ffc8740




ELF file SHA256: b4ff4ebed

Rebooting...
ets Jul 29 2019 12:21:46

rst:0xc (SW_CPU_RESET),boot:0x13 (SPI_FAST_FLASH_BOOT)
configsip: 0, SPIWP:0xee
clk_drv:0x00,q_drv:0x00,d_drv:0x00,cs0_drv:0x00,hd_drv:0x00,wp_drv:0x00
mode:DIO, clock div:2
load:0x3fff0030,len:7172
load:0x40078000,len:15540
load:0x40080400,len:4
ho 8 tail 4 room 4
load:0x40080404,len:3904
entry 0x40080640
[0;32mI (31) boot: ESP-IDF v5.2.1 2nd stage bootloader[0m
[0;32mI (31) boot: compile time Apr 15 2024 11:53:17[0m
[0;32mI (31) boot: Multicore bootloader[0m
[0;32mI (35) boot: chip revision: v3.1[0m
[0;32mI (39) boot.esp32: SPI Speed      : 40MHz[0m
[0;32mI (44) boot.esp32: SPI Mode       : DIO[0m
[0;32mI (48) boot.esp32: SPI Flash Size : 2MB[0m
[0;32mI (53) boot: Enabling RNG early entropy source...[0m
[0;32mI (58) boot: Partition Table:[0m
[0;32mI (62) boot: ## Label            Usage          Type ST Offset   Length[0m
[0;32mI (69) boot:  0 nvs              WiFi data        01 02 00009000 00006000[0m
[0;32mI (76) boot:  1 phy_init         RF data          01 01 0000f000 00001000[0m
[0;32mI (84) boot:  2 factory          factory app      00 00 00010000 00100000[0m
[0;32mI (91) boot: End of partition table[0m
[0;32mI (96) esp_image: segment 0: paddr=00010020 vaddr=3f400020 size=24f60h (151392) map[0m
[0;32mI (156) esp_image: segment 1: paddr=00034f88 vaddr=3ffbdb60 size=04afch ( 19196) load[0m
[0;32mI (163) esp_image: segment 2: paddr=00039a8c vaddr=40080000 size=0658ch ( 25996) load[0m
[0;32mI (174) esp_image: segment 3: paddr=00040020 vaddr=400d0020 size=84c18h (543768) map[0m
[0;32mI (360) esp_image: segment 4: paddr=000c4c40 vaddr=4008658c size=13dcch ( 81356) load[0m
[0;32mI (406) boot: Loaded app from partition at offset 0x10000[0m
[0;32mI (406) boot: Disabling RNG early entropy source...[0m
[0;32mI (417) cpu_start: Multicore app[0m
[0;32mI (426) cpu_start: Pro cpu start user code[0m
[0;32mI (426) cpu_start: cpu freq: 160000000 Hz[0m
[0;32mI (426) cpu_start: Application information:[0m
[0;32mI (429) cpu_start: Project name:     gatt_server[0m
[0;32mI (434) cpu_start: App version:      1[0m
[0;32mI (439) cpu_start: Compile time:     Apr 15 2024 11:53:03[0m
[0;32mI (445) cpu_start: ELF file SHA256:  b4ff4ebed...[0m
[0;32mI (450) cpu_start: ESP-IDF:          v5.2.1[0m
[0;32mI (455) cpu_start: Min chip rev:     v0.0[0m
[0;32mI (460) cpu_start: Max chip rev:     v3.99 [0m
[0;32mI (465) cpu_start: Chip rev:         v3.1[0m
[0;32mI (470) heap_init: Initializing. RAM available for dynamic allocation:[0m
[0;32mI (477) heap_init: At 3FFAFF10 len 000000F0 (0 KiB): DRAM[0m
[0;32mI (483) heap_init: At 3FFB6388 len 00001C78 (7 KiB): DRAM[0m
[0;32mI (489) heap_init: At 3FFB9A20 len 00004108 (16 KiB): DRAM[0m
[0;32mI (495) heap_init: At 3FFC7260 len 00018DA0 (99 KiB): DRAM[0m
[0;32mI (501) heap_init: At 3FFE0440 len 00003AE0 (14 KiB): D/IRAM[0m
[0;32mI (507) heap_init: At 3FFE4350 len 0001BCB0 (111 KiB): D/IRAM[0m
[0;32mI (514) heap_init: At 4009A358 len 00005CA8 (23 KiB): IRAM[0m
[0;32mI (522) spi_flash: detected chip: generic[0m
[0;32mI (525) spi_flash: flash io: dio[0m
[0;33mW (529) spi_flash: Detected size(4096k) larger than the size in the binary image header(2048k). Using the size in the binary image header.[0m
[0;33mW (542) i2c: This driver is an old driver, please migrate your application code to adapt `driver/i2c_master.h`[0m
[0;32mI (553) coexist: coex firmware version: 77cd7f8[0m
[0;32mI (558) main_task: Started on CPU0[0m
[0;32mI (568) main_task: Calling app_main()[0m
[0;32mI (568) mpu: Pitch: 0.000000 Roll: 0.000000[0m
[0;31mE (1568) FreeRTOS: FreeRTOS Task "mpuval" should not return, Aborting now![0m

abort() was called at PC 0x400931d3 on core 0


Backtrace: 0x4008190e:0x3ffc8690 0x400926cd:0x3ffc86b0 0x40098425:0x3ffc86d0 0x400931d3:0x3ffc8740




ELF file SHA256: b4ff4ebed

Rebooting...
ets Jul 29 2019 12:21:46

rst:0xc (SW_CPU_RESET),boot:0x13 (SPI_FAST_FLASH_BOOT)
configsip: 0, SPIWP:0xee
clk_drv:0x00,q_drv:0x00,d_drv:0x00,cs0_drv:0x00,hd_drv:0x00,wp_drv:0x00
mode:DIO, clock div:2
load:0x3fff0030,len:7172
load:0x40078000,len:15540
load:0x40080400,len:4
ho 8 tail 4 room 4
load:0x40080404,len:3904
entry 0x40080640
[0;32mI (31) boot: ESP-IDF v5.2.1 2nd stage bootloader[0m
[0;32mI (31) boot: compile time Apr 15 2024 11:53:17[0m
[0;32mI (31) boot: Multicore bootloader[0m
[0;32mI (35) boot: chip revision: v3.1[0m
[0;32mI (39) boot.esp32: SPI Speed      : 40MHz[0m
[0;32mI (44) boot.esp32: SPI Mode       : DIO[0m
[0;32mI (48) boot.esp32: SPI Flash Size : 2MB[0m
[0;32mI (53) boot: Enabling RNG early entropy source...[0m
[0;32mI (58) boot: Partition Table:[0m
[0;32mI (62) boot: ## Label            Usage          Type ST Offset   Length[0m
[0;32mI (69) boot:  0 nvs              WiFi data        01 02 00009000 00006000[0m
[0;32mI (76) boot:  1 phy_init         RF data          01 01 0000f000 00001000[0m
[0;32mI (84) boot:  2 factory          factory app      00 00 00010000 00100000[0m
[0;32mI (91) boot: End of partition table[0m
[0;32mI (96) esp_image: segment 0: paddr=00010020 vaddr=3f400020 size=24f60h (151392) map[0m
[0;32mI (156) esp_image: segment 1: paddr=00034f88 vaddr=3ffbdb60 size=04afch ( 19196) load[0m
[0;32mI (163) esp_image: segment 2: paddr=00039a8c vaddr=40080000 size=0658ch ( 25996) load[0m
[0;32mI (174) esp_image: segment 3: paddr=00040020 vaddr=400d0020 size=84c18h (543768) map[0m
[0;32mI (360) esp_image: segment 4: paddr=000c4c40 vaddr=4008658c size=13dcch ( 81356) load[0m
[0;32mI (406) boot: Loaded app from partition at offset 0x10000[0m
[0;32mI (406) boot: Disabling RNG early entropy source...[0m
[0;32mI (417) cpu_start: Multicore app[0m
[0;32mI (426) cpu_start: Pro cpu start user code[0m
[0;32mI (426) cpu_start: cpu freq: 160000000 Hz[0m
[0;32mI (426) cpu_start: Application information:[0m
[0;32mI (429) cpu_start: Project name:     gatt_server[0m
[0;32mI (434) cpu_start: App version:      1[0m
[0;32mI (439) cpu_start: Compile time:     Apr 15 2024 11:53:03[0m
[0;32mI (445) cpu_start: ELF file SHA256:  b4ff4ebed...[0m
[0;32mI (450) cpu_start: ESP-IDF:          v5.2.1[0m
[0;32mI (455) cpu_start: Min chip rev:     v0.0[0m
[0;32mI (460) cpu_start: Max chip rev:     v3.99 [0m
[0;32mI (465) cpu_start: Chip rev:         v3.1[0m
[0;32mI (470) heap_init: Initializing. RAM available for dynamic allocation:[0m
[0;32mI (477) heap_init: At 3FFAFF10 len 000000F0 (0 KiB): DRAM[0m
[0;32mI (483) heap_init: At 3FFB6388 len 00001C78 (7 KiB): DRAM[0m
[0;32mI (489) heap_init: At 3FFB9A20 len 00004108 (16 KiB): DRAM[0m
[0;32mI (495) heap_init: At 3FFC7260 len 00018DA0 (99 KiB): DRAM[0m
[0;32mI (501) heap_init: At 3FFE0440 len 00003AE0 (14 KiB): D/IRAM[0m
[0;32mI (507) heap_init: At 3FFE4350 len 0001BCB0 (111 KiB): D/IRAM[0m
[0;32mI (514) heap_init: At 4009A358 len 00005CA8 (23 KiB): IRAM[0m
[0;32mI (522) spi_flash: detected chip: generic[0m
[0;32mI (525) spi_flash: flash io: dio[0m
[0;33mW (529) spi_flash: Detected size(4096k) larger than the size in the binary image header(2048k). Using the size in the binary image header.[0m
[0;33mW (542) i2c: This driver is an old driver, please migrate your application code to adapt `driver/i2c_master.h`[0m
[0;32mI (553) coexist: coex firmware version: 77cd7f8[0m
[0;32mI (558) main_task: Started on CPU0[0m
[0;32mI (568) main_task: Calling app_main()[0m
[0;32mI (568) mpu: Pitch: 0.000000 Roll: 0.000000[0m
[0;31mE (1568) FreeRTOS: FreeRTOS Task "mpuval" should not return, Aborting now![0m

abort() was called at PC 0x400931d3 on core 0


Backtrace: 0x4008190e:0x3ffc8690 0x400926cd:0x3ffc86b0 0x40098425:0x3ffc86d0 0x400931d3:0x3ffc8740




ELF file SHA256: b4ff4ebed

Rebooting...
ets Jul 29 2019 12:21:46

rst:0xc (SW_CPU_RESET),boot:0x13 (SPI_FAST_FLASH_BOOT)
configsip: 0, SPIWP:0xee
clk_drv:0x00,q_drv:0x00,d_drv:0x00,cs0_drv:0x00,hd_drv:0x00,wp_drv:0x00
mode:DIO, clock div:2
load:0x3fff0030,len:7172
load:0x40078000,len:15540
load:0x40080400,len:4
ho 8 tail 4 room 4
load:0x40080404,len:3904
entry 0x40080640
[0;32mI (31) boot: ESP-IDF v5.2.1 2nd stage bootloader[0m
[0;32mI (31) boot: compile time Apr 15 2024 11:53:17[0m
[0;32mI (31) boot: Multicore bootloader[0m
[0;32mI (35) boot: chip revision: v3.1[0m
[0;32mI (39) boot.esp32: SPI Speed      : 40MHz[0m
[0;32mI (44) boot.esp32: SPI Mode       : DIO[0m
[0;32mI (48) boot.esp32: SPI Flash Size : 2MB[0m
[0;32mI (53) boot: Enabling RNG early entropy source...[0m
[0;32mI (58) boot: Partition Table:[0m
[0;32mI (62) boot: ## Label            Usage          Type ST Offset   Length[0m
[0;32mI (69) boot:  0 nvs              WiFi data        01 02 00009000 00006000[0m
[0;32mI (76) boot:  1 phy_init         RF data          01 01 0000f000 00001000[0m
[0;32mI (84) boot:  2 factory          factory app      00 00 00010000 00100000[0m
[0;32mI (91) boot: End of partition table[0m
[0;32mI (96) esp_image: segment 0: paddr=00010020 vaddr=3f400020 size=24f60h (151392) map[0m
[0;32mI (156) esp_image: segment 1: paddr=00034f88 vaddr=3ffbdb60 size=04afch ( 19196) load[0m
[0;32mI (163) esp_image: segment 2: paddr=00039a8c vaddr=40080000 size=0658ch ( 25996) load[0m
[0;32mI (174) esp_image: segment 3: paddr=00040020 vaddr=400d0020 size=84c18h (543768) map[0m
[0;32mI (360) esp_image: segment 4: paddr=000c4c40 vaddr=4008658c size=13dcch ( 81356) load[0m
[0;32mI (406) boot: Loaded app from partition at offset 0x10000[0m
[0;32mI (406) boot: Disabling RNG early entropy source...[0m
[0;32mI (417) cpu_start: Multicore app[0m
[0;32mI (426) cpu_start: Pro cpu start user code[0m
[0;32mI (426) cpu_start: cpu freq: 160000000 Hz[0m
[0;32mI (426) cpu_start: Application information:[0m
[0;32mI (429) cpu_start: Project name:     gatt_server[0m
[0;32mI (434) cpu_start: App version:      1[0m
[0;32mI (439) cpu_start: Compile time:     Apr 15 2024 11:53:03[0m
[0;32mI (445) cpu_start: ELF file SHA256:  b4ff4ebed...[0m
[0;32mI (450) cpu_start: ESP-IDF:          v5.2.1[0m
[0;32mI (455) cpu_start: Min chip rev:     v0.0[0m
[0;32mI (460) cpu_start: Max chip rev:     v3.99 [0m
[0;32mI (465) cpu_start: Chip rev:         v3.1[0m
[0;32mI (470) heap_init: Initializing. RAM available for dynamic allocation:[0m
[0;32mI (477) heap_init: At 3FFAFF10 len 000000F0 (0 KiB): DRAM[0m
[0;32mI (483) heap_init: At 3FFB6388 len 00001C78 (7 KiB): DRAM[0m
[0;32mI (489) heap_init: At 3FFB9A20 len 00004108 (16 KiB): DRAM[0m
[0;32mI (495) heap_init: At 3FFC7260 len 00018DA0 (99 KiB): DRAM[0m
[0;32mI (501) heap_init: At 3FFE0440 len 00003AE0 (14 KiB): D/IRAM[0m
[0;32mI (507) heap_init: At 3FFE4350 len 0001BCB0 (111 KiB): D/IRAM[0m
[0;32mI (514) heap_init: At 4009A358 len 00005CA8 (23 KiB): IRAM[0m
[0;32mI (522) spi_flash: detected chip: generic[0m
[0;32mI (525) spi_flash: flash io: dio[0m
[0;33mW (529) spi_flash: Detected size(4096k) larger than the size in the binary image header(2048k). Using the size in the binary image header.[0m
[0;33mW (542) i2c: This driver is an old driver, please migrate your application code to adapt `driver/i2c_master.h`[0m
[0;32mI (553) coexist: coex firmware version: 77cd7f8[0m
[0;32mI (558) main_task: Started on CPU0[0m
[0;32mI (568) main_task: Calling app_main()[0m
[0;32mI (568) mpu: Pitch: 0.000000 Roll: 0.000000[0m
[0;31mE (1568) FreeRTOS: FreeRTOS Task "mpuval" should not return, Aborting now![0m

abort() was called at PC 0x400931d3 on core 0


Backtrace: 0x4008190e:0x3ffc8690 0x400926cd:0x3ffc86b0 0x40098425:0x3ffc86d0 0x400931d3:0x3ffc8740




ELF file SHA256: b4ff4ebed

Rebooting...
ets Jul 29 2019 12:21:46

rst:0xc (SW_CPU_RESET),boot:0x13 (SPI_FAST_FLASH_BOOT)
configsip: 0, SPIWP:0xee
clk_drv:0x00,q_drv:0x00,d_drv:0x00,cs0_drv:0x00,hd_drv:0x00,wp_drv:0x00
mode:DIO, clock div:2
load:0x3fff0030,len:7172
load:0x40078000,len:15540
load:0x40080400,len:4
ho 8 tail 4 room 4
load:0x40080404,len:3904
entry 0x40080640
[0;32mI (31) boot: ESP-IDF v5.2.1 2nd stage bootloader[0m
[0;32mI (31) boot: compile time Apr 15 2024 11:53:17[0m
[0;32mI (31) boot: Multicore bootloader[0m
[0;32mI (35) boot: chip revision: v3.1[0m
[0;32mI (39) boot.esp32: SPI Speed      : 40MHz[0m
[0;32mI (44) boot.esp32: SPI Mode       : DIO[0m
[0;32mI (48) boot.esp32: SPI Flash Size : 2MB[0m
[0;32mI (53) boot: Enabling RNG early entropy source...[0m
[0;32mI (58) boot: Partition Table:[0m
[0;32mI (62) boot: ## Label            Usage          Type ST Offset   Length[0m
[0;32mI (69) boot:  0 nvs              WiFi data        01 02 00009000 00006000[0m
[0;32mI (76) boot:  1 phy_init         RF data          01 01 0000f000 00001000[0m
[0;32mI (84) boot:  2 factory          factory app      00 00 00010000 00100000[0m
[0;32mI (91) boot: End of partition table[0m
[0;32mI (96) esp_image: segment 0: paddr=00010020 vaddr=3f400020 size=24f60h (151392) map[0m
[0;32mI (156) esp_image: segment 1: paddr=00034f88 vaddr=3ffbdb60 size=04afch ( 19196) load[0m
[0;32mI (163) esp_image: segment 2: paddr=00039a8c vaddr=40080000 size=0658ch ( 25996) load[0m
[0;32mI (174) esp_image: segment 3: paddr=00040020 vaddr=400d0020 size=84c18h (543768) map[0m
[0;32mI (360) esp_image: segment 4: paddr=000c4c40 vaddr=4008658c size=13dcch ( 81356) load[0m
[0;32mI (406) boot: Loaded app from partition at offset 0x10000[0m
[0;32mI (406) boot: Disabling RNG early entropy source...[0m
[0;32mI (417) cpu_start: Multicore app[0m
[0;32mI (426) cpu_start: Pro cpu start user code[0m
[0;32mI (426) cpu_start: cpu freq: 160000000 Hz[0m
[0;32mI (426) cpu_start: Application information:[0m
[0;32mI (429) cpu_start: Project name:     gatt_server[0m
[0;32mI (434) cpu_start: App version:      1[0m
[0;32mI (439) cpu_start: Compile time:     Apr 15 2024 11:53:03[0m
[0;32mI (445) cpu_start: ELF file SHA256:  b4ff4ebed...[0m
[0;32mI (450) cpu_start: ESP-IDF:          v5.2.1[0m
[0;32mI (455) cpu_start: Min chip rev:     v0.0[0m
[0;32mI (460) cpu_start: Max chip rev:     v3.99 [0m
[0;32mI (465) cpu_start: Chip rev:         v3.1[0m
[0;32mI (470) heap_init: Initializing. RAM available for dynamic allocation:[0m
[0;32mI (477) heap_init: At 3FFAFF10 len 000000F0 (0 KiB): DRAM[0m
[0;32mI (483) heap_init: At 3FFB6388 len 00001C78 (7 KiB): DRAM[0m
[0;32mI (489) heap_init: At 3FFB9A20 len 00004108 (16 KiB): DRAM[0m
[0;32mI (495) heap_init: At 3FFC7260 len 00018DA0 (99 KiB): DRAM[0m
[0;32mI (501) heap_init: At 3FFE0440 len 00003AE0 (14 KiB): D/IRAM[0m
[0;32mI (507) heap_init: At 3FFE4350 len 0001BCB0 (111 KiB): D/IRAM[0m
[0;32mI (514) heap_init: At 4009A358 len 00005CA8 (23 KiB): IRAM[0m
[0;32mI (522) spi_flash: detected chip: generic[0m
[0;32mI (525) spi_flash: flash io: dio[0m
[0;33mW (529) spi_flash: Detected size(4096k) larger than the size in the binary image header(2048k). Using the size in the binary image header.[0m
[0;33mW (542) i2c: This driver is an old driver, please migrate your application code to adapt `driver/i2c_master.h`[0m
[0;32mI (553) coexist: coex firmware version: 77cd7f8[0m
[0;32mI (558) main_task: Started on CPU0[0m
[0;32mI (568) main_task: Calling app_main()[0m
[0;32mI (568) mpu: Pitch: 0.000000 Roll: 0.000000[0m
[0;31mE (1568) FreeRTOS: FreeRTOS Task "mpuval" should not return, Aborting now![0m

abort() was called at PC 0x400931d3 on core 0


Backtrace: 0x4008190e:0x3ffc8690 0x400926cd:0x3ffc86b0 0x40098425:0x3ffc86d0 0x400931d3:0x3ffc8740




ELF file SHA256: b4ff4ebed

Rebooting...
ets Jul 29 2019 12:21:46

rst:0xc (SW_CPU_RESET),boot:0x13 (SPI_FAST_FLASH_BOOT)
configsip: 0, SPIWP:0xee
clk_drv:0x00,q_drv:0x00,d_drv:0x00,cs0_drv:0x00,hd_drv:0x00,wp_drv:0x00
mode:DIO, clock div:2
load:0x3fff0030,len:7172
load:0x40078000,len:15540
load:0x40080400,len:4
ho 8 tail 4 room 4
load:0x40080404,len:3904
entry 0x40080640
[0;32mI (31) boot: ESP-IDF v5.2.1 2nd stage bootloader[0m
[0;32mI (31) boot: compile time Apr 15 2024 11:53:17[0m
[0;32mI (31) boot: Multicore bootloader[0m
[0;32mI (35) boot: chip revision: v3.1[0m
[0;32mI (39) boot.esp32: SPI Speed      : 40MHz[0m
[0;32mI (44) boot.esp32: SPI Mode       : DIO[0m
[0;32mI (48) boot.esp32: SPI Flash Size : 2MB[0m
[0;32mI (53) boot: Enabling RNG early entropy source...[0m
[0;32mI (58) boot: Partition Table:[0m
[0;32mI (62) boot: ## Label            Usage          Type ST Offset   Length[0m
[0;32mI (69) boot:  0 nvs              WiFi data        01 02 00009000 00006000[0m
[0;32mI (76) boot:  1 phy_init         RF data          01 01 0000f000 00001000[0m
[0;32mI (84) boot:  2 factory          factory app      00 00 00010000 00100000[0m
[0;32mI (91) boot: End of partition table[0m
[0;32mI (96) esp_image: segment 0: paddr=00010020 vaddr=3f400020 size=24f60h (151392) map[0m
[0;32mI (156) esp_image: segment 1: paddr=00034f88 vaddr=3ffbdb60 size=04afch ( 19196) load[0m
[0;32mI (163) esp_image: segment 2: paddr=00039a8c vaddr=40080000 size=0658ch ( 25996) load[0m
[0;32mI (174) esp_image: segment 3: paddr=00040020 vaddr=400d0020 size=84c18h (543768) map[0m
[0;32mI (360) esp_image: segment 4: paddr=000c4c40 vaddr=4008658c size=13dcch ( 81356) load[0m
[0;32mI (406) boot: Loaded app from partition at offset 0x10000[0m
[0;32mI (406) boot: Disabling RNG early entropy source...[0m
[0;32mI (417) cpu_start: Multicore app[0m
[0;32mI (426) cpu_start: Pro cpu start user code[0m
[0;32mI (426) cpu_start: cpu freq: 160000000 Hz[0m
[0;32mI (426) cpu_start: Application information:[0m
[0;32mI (429) cpu_start: Project name:     gatt_server[0m
[0;32mI (434) cpu_start: App version:      1[0m
[0;32mI (439) cpu_start: Compile time:     Apr 15 2024 11:53:03[0m
[0;32mI (445) cpu_start: ELF file SHA256:  b4ff4ebed...[0m
[0;32mI (450) cpu_start: ESP-IDF:          v5.2.1[0m
[0;32mI (455) cpu_start: Min chip rev:     v0.0[0m
[0;32mI (460) cpu_start: Max chip rev:     v3.99 [0m
[0;32mI (465) cpu_start: Chip rev:         v3.1[0m
[0;32mI (470) heap_init: Initializing. RAM available for dynamic allocation:[0m
[0;32mI (477) heap_init: At 3FFAFF10 len 000000F0 (0 KiB): DRAM[0m
[0;32mI (483) heap_init: At 3FFB6388 len 00001C78 (7 KiB): DRAM[0m
[0;32mI (489) heap_init: At 3FFB9A20 len 00004108 (16 KiB): DRAM[0m
[0;32mI (495) heap_init: At 3FFC7260 len 00018DA0 (99 KiB): DRAM[0m
[0;32mI (501) heap_init: At 3FFE0440 len 00003AE0 (14 KiB): D/IRAM[0m
[0;32mI (507) heap_init: At 3FFE4350 len 0001BCB0 (111 KiB): D/IRAM[0m
[0;32mI (514) heap_init: At 4009A358 len 00005CA8 (23 KiB): IRAM[0m
[0;32mI (522) spi_flash: detected chip: generic[0m
[0;32mI (525) spi_flash: flash io: dio[0m
[0;33mW (529) spi_flash: Detected size(4096k) larger than the size in the binary image header(2048k). Using the size in the binary image header.[0m
[0;33mW (542) i2c: This driver is an old driver, please migrate your application code to adapt `driver/i2c_master.h`[0m
[0;32mI (553) coexist: coex firmware version: 77cd7f8[0m
[0;32mI (558) main_task: Started on CPU0[0m
[0;32mI (568) main_task: Calling app_main()[0m
[0;32mI (568) mpu: Pitch: 0.000000 Roll: 0.000000[0m
[0;31mE (1568) FreeRTOS: FreeRTOS Task "mpuval" should not return, Aborting now![0m

abort() was called at PC 0x400931d3 on core 0


Backtrace: 0x4008190e:0x3ffc8690 0x400926cd:0x3ffc86b0 0x40098425:0x3ffc86d0 0x400931d3:0x3ffc8740




ELF file SHA256: b4ff4ebed

Rebooting...
ets Jul 29 2019 12:21:46

rst:0xc (SW_CPU_RESET),boot:0x13 (SPI_FAST_FLASH_BOOT)
configsip: 0, SPIWP:0xee
clk_drv:0x00,q_drv:0x00,d_drv:0x00,cs0_drv:0x00,hd_drv:0x00,wp_drv:0x00
mode:DIO, clock div:2
load:0x3fff0030,len:7172
load:0x40078000,len:15540
load:0x40080400,len:4
ho 8 tail 4 room 4
load:0x40080404,len:3904
entry 0x40080640
[0;32mI (31) boot: ESP-IDF v5.2.1 2nd stage bootloader[0m
[0;32mI (31) boot: compile time Apr 15 2024 11:53:17[0m
[0;32mI (31) boot: Multicore bootloader[0m
[0;32mI (35) boot: chip revision: v3.1[0m
[0;32mI (39) boot.esp32: SPI Speed      : 40MHz[0m
[0;32mI (44) boot.esp32: SPI Mode       : DIO[0m
[0;32mI (48) boot.esp32: SPI Flash Size : 2MB[0m
[0;32mI (53) boot: Enabling RNG early entropy source...[0m
[0;32mI (58) boot: Partition Table:[0m
[0;32mI (62) boot: ## Label            Usage          Type ST Offset   Length[0m
[0;32mI (69) boot:  0 nvs              WiFi data        01 02 00009000 00006000[0m
[0;32mI (76) boot:  1 phy_init         RF data          01 01 0000f000 00001000[0m
[0;32mI (84) boot:  2 factory          factory app      00 00 00010000 00100000[0m
[0;32mI (91) boot: End of partition table[0m
[0;32mI (96) esp_image: segment 0: paddr=00010020 vaddr=3f400020 size=24f60h (151392) map[0m
[0;32mI (156) esp_image: segment 1: paddr=00034f88 vaddr=3ffbdb60 size=04afch ( 19196) load[0m
[0;32mI (163) esp_image: segment 2: paddr=00039a8c vaddr=40080000 size=0658ch ( 25996) load[0m
[0;32mI (174) esp_image: segment 3: paddr=00040020 vaddr=400d0020 size=84c18h (543768) map[0m
[0;32mI (360) esp_image: segment 4: paddr=000c4c40 vaddr=4008658c size=13dcch ( 81356) load[0m
[0;32mI (406) boot: Loaded app from partition at offset 0x10000[0m
[0;32mI (406) boot: Disabling RNG early entropy source...[0m
[0;32mI (417) cpu_start: Multicore app[0m
[0;32mI (426) cpu_start: Pro cpu start user code[0m
[0;32mI (426) cpu_start: cpu freq: 160000000 Hz[0m
[0;32mI (426) cpu_start: Application information:[0m
[0;32mI (429) cpu_start: Project name:     gatt_server[0m
[0;32mI (434) cpu_start: App version:      1[0m
[0;32mI (439) cpu_start: Compile time:     Apr 15 2024 11:53:03[0m
[0;32mI (445) cpu_start: ELF file SHA256:  b4ff4ebed...[0m
[0;32mI (450) cpu_start: ESP-IDF:          v5.2.1[0m
[0;32mI (455) cpu_start: Min chip rev:     v0.0[0m
[0;32mI (460) cpu_start: Max chip rev:     v3.99 [0m
[0;32mI (465) cpu_start: Chip rev:         v3.1[0m
[0;32mI (470) heap_init: Initializing. RAM available for dynamic allocation:[0m
[0;32mI (477) heap_init: At 3FFAFF10 len 000000F0 (0 KiB): DRAM[0m
[0;32mI (483) heap_init: At 3FFB6388 len 00001C78 (7 KiB): DRAM[0m
[0;32mI (489) heap_init: At 3FFB9A20 len 00004108 (16 KiB): DRAM[0m
[0;32mI (495) heap_init: At 3FFC7260 len 00018DA0 (99 KiB): DRAM[0m
[0;32mI (501) heap_init: At 3FFE0440 len 00003AE0 (14 KiB): D/IRAM[0m
[0;32mI (507) heap_init: At 3FFE4350 len 0001BCB0 (111 KiB): D/IRAM[0m
[0;32mI (514) heap_init: At 4009A358 len 00005CA8 (23 KiB): IRAM[0m
[0;32mI (522) spi_flash: detected chip: generic[0m
[0;32mI (525) spi_flash: flash io: dio[0m
[0;33mW (529) spi_flash: Detected size(4096k) larger than the size in the binary image header(2048k). Using the size in the binary image header.[0m
[0;33mW (542) i2c: This driver is an old driver, please migrate your application code to adapt `driver/i2c_master.h`[0m
[0;32mI (553) coexist: coex firmware version: 77cd7f8[0m
[0;32mI (558) main_task: Started on CPU0[0m
[0;32mI (568) main_task: Calling app_main()[0m
[0;32mI (568) mpu: Pitch: 0.000000 Roll: 0.000000[0m
[0;31mE (1568) FreeRTOS: FreeRTOS Task "mpuval" should not return, Aborting now![0m

abort() was called at PC 0x400931d3 on core 0


Backtrace: 0x4008190e:0x3ffc8690 0x400926cd:0x3ffc86b0 0x40098425:0x3ffc86d0 0x400931d3:0x3ffc8740




ELF file SHA256: b4ff4ebed

Rebooting...
ets Jul 29 2019 12:21:46

rst:0xc (SW_CPU_RESET),boot:0x13 (SPI_FAST_FLASH_BOOT)
configsip: 0, SPIWP:0xee
clk_drv:0x00,q_drv:0x00,d_drv:0x00,cs0_drv:0x00,hd_drv:0x00,wp_drv:0x00
mode:DIO, clock div:2
load:0x3fff0030,len:7172
load:0x40078000,len:15540
load:0x40080400,len:4
ho 8 tail 4 room 4
load:0x40080404,len:3904
entry 0x40080640
[0;32mI (31) boot: ESP-IDF v5.2.1 2nd stage bootloader[0m
[0;32mI (31) boot: compile time Apr 15 2024 11:53:17[0m
[0;32mI (31) boot: Multicore bootloader[0m
[0;32mI (35) boot: chip revision: v3.1[0m
[0;32mI (39) boot.esp32: SPI Speed      : 40MHz[0m
[0;32mI (44) boot.esp32: SPI Mode       : DIO[0m
[0;32mI (48) boot.esp32: SPI Flash Size : 2MB[0m
[0;32mI (53) boot: Enabling RNG early entropy source...[0m
[0;32mI (58) boot: Partition Table:[0m
[0;32mI (62) boot: ## Label            Usage          Type ST Offset   Length[0m
[0;32mI (69) boot:  0 nvs              WiFi data        01 02 00009000 00006000[0m
[0;32mI (76) boot:  1 phy_init         RF data          01 01 0000f000 00001000[0m
[0;32mI (84) boot:  2 factory          factory app      00 00 00010000 00100000[0m
[0;32mI (91) boot: End of partition table[0m
[0;32mI (96) esp_image: segment 0: paddr=00010020 vaddr=3f400020 size=24f60h (151392) map[0m
[0;32mI (156) esp_image: segment 1: paddr=00034f88 vaddr=3ffbdb60 size=04afch ( 19196) load[0m
[0;32mI (163) esp_image: segment 2: paddr=00039a8c vaddr=40080000 size=0658ch ( 25996) load[0m
[0;32mI (174) esp_image: segment 3: paddr=00040020 vaddr=400d0020 size=84c18h (543768) map[0m
[0;32mI (360) esp_image: segment 4: paddr=000c4c40 vaddr=4008658c size=13dcch ( 81356) load[0m
[0;32mI (406) boot: Loaded app from partition at offset 0x10000[0m
[0;32mI (406) boot: Disabling RNG early entropy source...[0m
[0;32mI (417) cpu_start: Multicore app[0m
[0;32mI (426) cpu_start: Pro cpu start user code[0m
[0;32mI (426) cpu_start: cpu freq: 160000000 Hz[0m
[0;32mI (426) cpu_start: Application information:[0m
[0;32mI (429) cpu_start: Project name:     gatt_server[0m
[0;32mI (434) cpu_start: App version:      1[0m
[0;32mI (439) cpu_start: Compile time:     Apr 15 2024 11:53:03[0m
[0;32mI (445) cpu_start: ELF file SHA256:  b4ff4ebed...[0m
[0;32mI (450) cpu_start: ESP-IDF:          v5.2.1[0m
[0;32mI (455) cpu_start: Min chip rev:     v0.0[0m
[0;32mI (460) cpu_start: Max chip rev:     v3.99 [0m
[0;32mI (465) cpu_start: Chip rev:         v3.1[0m
[0;32mI (470) heap_init: Initializing. RAM available for dynamic allocation:[0m
[0;32mI (477) heap_init: At 3FFAFF10 len 000000F0 (0 KiB): DRAM[0m
[0;32mI (482) heap_init: At 3FFB6388 len 00001C78 (7 KiB): DRAM[0m
[0;32mI (489) heap_init: At 3FFB9A20 len 00004108 (16 KiB): DRAM[0m
[0;32mI (495) heap_init: At 3FFC7260 len 00018DA0 (99 KiB): DRAM[0m
[0;32mI (501) heap_init: At 3FFE0440 len 00003AE0 (14 KiB): D/IRAM[0m
[0;32mI (507) heap_init: At 3FFE4350 len 0001BCB0 (111 KiB): D/IRAM[0m
[0;32mI (514) heap_init: At 4009A358 len 00005CA8 (23 KiB): IRAM[0m
[0;32mI (521) spi_flash: detected chip: generic[0m
[0;32mI (525) spi_flash: flash io: dio[0m
[0;33mW (528) spi_flash: Detected size(4096k) larger than the size in the binary image header(2048k). Using the size in the binary image header.[0m
[0;33mW (542) i2c: This driver is an old driver, please migrate your application code to adapt `driver/i2c_master.h`[0m
[0;32mI (553) coexist: coex firmware version: 77cd7f8[0m
[0;32mI (558) main_task: Started on CPU0[0m
[0;32mI (568) main_task: Calling app_main()[0m
[0;32mI (568) mpu: Pitch: 0.000000 Roll: 0.000000[0m
[0;31mE (1568) FreeRTOS: FreeRTOS Task "mpuval" should not return, Aborting now![0m

abort() was called at PC 0x400931d3 on core 0


Backtrace: 0x4008190e:0x3ffc8690 0x400926cd:0x3ffc86b0 0x40098425:0x3ffc86d0 0x400931d3:0x3ffc8740




ELF file SHA256: b4ff4ebed

Rebooting...
ets Jul 29 2019 12:21:46

rst:0xc (SW_CPU_RESET),boot:0x13 (SPI_FAST_FLASH_BOOT)
configsip: 0, SPIWP:0xee
clk_drv:0x00,q_drv:0x00,d_drv:0x00,cs0_drv:0x00,hd_drv:0x00,wp_drv:0x00
mode:DIO, clock div:2
load:0x3fff0030,len:7172
load:0x40078000,len:15540
load:0x40080400,len:4
ho 8 tail 4 room 4
load:0x40080404,len:3904
entry 0x40080640
[0;32mI (31) boot: ESP-IDF v5.2.1 2nd stage bootloader[0m
[0;32mI (31) boot: compile time Apr 15 2024 11:53:17[0m
[0;32mI (31) boot: Multicore bootloader[0m
[0;32mI (35) boot: chip revision: v3.1[0m
[0;32mI (39) boot.esp32: SPI Speed      : 40MHz[0m
[0;32mI (44) boot.esp32: SPI Mode       : DIO[0m
[0;32mI (48) boot.esp32: SPI Flash Size : 2MB[0m
[0;32mI (53) boot: Enabling RNG early entropy source...[0m
[0;32mI (58) boot: Partition Table:[0m
[0;32mI (62) boot: ## Label            Usage          Type ST Offset   Length[0m
[0;32mI (69) boot:  0 nvs              WiFi data        01 02 00009000 00006000[0m
[0;32mI (76) boot:  1 phy_init         RF data          01 01 0000f000 00001000[0m
[0;32mI (84) boot:  2 factory          factory app      00 00 00010000 00100000[0m
[0;32mI (91) boot: End of partition table[0m
[0;32mI (96) esp_image: segment 0: paddr=00010020 vaddr=3f400020 size=24f60h (151392) map[0m
[0;32mI (156) esp_image: segment 1: paddr=00034f88 vaddr=3ffbdb60 size=04afch ( 19196) load[0m
[0;32mI (163) esp_image: segment 2: paddr=00039a8c vaddr=40080000 size=0658ch ( 25996) load[0m
[0;32mI (174) esp_image: segment 3: paddr=00040020 vaddr=400d0020 size=84c18h (543768) map[0m
[0;32mI (360) esp_image: segment 4: paddr=000c4c40 vaddr=4008658c size=13dcch ( 81356) load[0m
[0;32mI (406) boot: Loaded app from partition at offset 0x10000[0m
[0;32mI (406) boot: Disabling RNG early entropy source...[0m
[0;32mI (417) cpu_start: Multicore app[0m
[0;32mI (426) cpu_start: Pro cpu start user code[0m
[0;32mI (426) cpu_start: cpu freq: 160000000 Hz[0m
[0;32mI (426) cpu_start: Application information:[0m
[0;32mI (429) cpu_start: Project name:     gatt_server[0m
[0;32mI (434) cpu_start: App version:      1[0m
[0;32mI (439) cpu_start: Compile time:     Apr 15 2024 11:53:03[0m
[0;32mI (445) cpu_start: ELF file SHA256:  b4ff4ebed...[0m
[0;32mI (450) cpu_start: ESP-IDF:          v5.2.1[0m
[0;32mI (455) cpu_start: Min chip rev:     v0.0[0m
[0;32mI (460) cpu_start: Max chip rev:     v3.99 [0m
[0;32mI (465) cpu_start: Chip rev:         v3.1[0m
[0;32mI (470) heap_init: Initializing. RAM available for dynamic allocation:[0m
[0;32mI (477) heap_init: At 3FFAFF10 len 000000F0 (0 KiB): DRAM[0m
[0;32mI (483) heap_init: At 3FFB6388 len 00001C78 (7 KiB): DRAM[0m
[0;32mI (489) heap_init: At 3FFB9A20 len 00004108 (16 KiB): DRAM[0m
[0;32mI (495) heap_init: At 3FFC7260 len 00018DA0 (99 KiB): DRAM[0m
[0;32mI (501) heap_init: At 3FFE0440 len 00003AE0 (14 KiB): D/IRAM[0m
[0;32mI (507) heap_init: At 3FFE4350 len 0001BCB0 (111 KiB): D/IRAM[0m
[0;32mI (514) heap_init: At 4009A358 len 00005CA8 (23 KiB): IRAM[0m
[0;32mI (522) spi_flash: detected chip: generic[0m
[0;32mI (525) spi_flash: flash io: dio[0m
[0;33mW (529) spi_flash: Detected size(4096k) larger than the size in the binary image header(2048k). Using the size in the binary image header.[0m
[0;33mW (542) i2c: This driver is an old driver, please migrate your application code to adapt `driver/i2c_master.h`[0m
[0;32mI (553) coexist: coex firmware version: 77cd7f8[0m
[0;32mI (558) main_task: Started on CPU0[0m
[0;32mI (568) main_task: Calling app_main()[0m
[0;32mI (568) mpu: Pitch: 0.000000 Roll: 0.000000[0m
[0;31mE (1568) FreeRTOS: FreeRTOS Task "mpuval" should not return, Aborting now![0m

abort() was called at PC 0x400931d3 on core 0


Backtrace: 0x4008190e:0x3ffc8690 0x400926cd:0x3ffc86b0 0x40098425:0x3ffc86d0 0x400931d3:0x3ffc8740




ELF file SHA256: b4ff4ebed

Rebooting...
ets Jul 29 2019 12:21:46

rst:0xc (SW_CPU_RESET),boot:0x13 (SPI_FAST_FLASH_BOOT)
configsip: 0, SPIWP:0xee
clk_drv:0x00,q_drv:0x00,d_drv:0x00,cs0_drv:0x00,hd_drv:0x00,wp_drv:0x00
mode:DIO, clock div:2
load:0x3fff0030,len:7172
load:0x40078000,len:15540
load:0x40080400,len:4
ho 8 tail 4 room 4
load:0x40080404,len:3904
entry 0x40080640
[0;32mI (31) boot: ESP-IDF v5.2.1 2nd stage bootloader[0m
[0;32mI (31) boot: compile time Apr 15 2024 11:53:17[0m
[0;32mI (31) boot: Multicore bootloader[0m
[0;32mI (35) boot: chip revision: v3.1[0m
[0;32mI (39) boot.esp32: SPI Speed      : 40MHz[0m
[0;32mI (44) boot.esp32: SPI Mode       : DIO[0m
[0;32mI (48) boot.esp32: SPI Flash Size : 2MB[0m
[0;32mI (53) boot: Enabling RNG early entropy source...[0m
[0;32mI (58) boot: Partition Table:[0m
[0;32mI (62) boot: ## Label            Usage          Type ST Offset   Length[0m
[0;32mI (69) boot:  0 nvs              WiFi data        01 02 00009000 00006000[0m
[0;32mI (76) boot:  1 phy_init         RF data          01 01 0000f000 00001000[0m
[0;32mI (84) boot:  2 factory          factory app      00 00 00010000 00100000[0m
[0;32mI (91) boot: End of partition table[0m
[0;32mI (96) esp_image: segment 0: paddr=00010020 vaddr=3f400020 size=24f60h (151392) map[0m
[0;32mI (156) esp_image: segment 1: paddr=00034f88 vaddr=3ffbdb60 size=04afch ( 19196) load[0m
[0;32mI (163) esp_image: segment 2: paddr=00039a8c vaddr=40080000 size=0658ch ( 25996) load[0m
[0;32mI (174) esp_image: segment 3: paddr=00040020 vaddr=400d0020 size=84c18h (543768) map[0m
[0;32mI (360) esp_image: segment 4: paddr=000c4c40 vaddr=4008658c size=13dcch ( 81356) load[0m
[0;32mI (406) boot: Loaded app from partition at offset 0x10000[0m
[0;32mI (406) boot: Disabling RNG early entropy source...[0m
[0;32mI (417) cpu_start: Multicore app[0m
[0;32mI (426) cpu_start: Pro cpu start user code[0m
[0;32mI (426) cpu_start: cpu freq: 160000000 Hz[0m
[0;32mI (426) cpu_start: Application information:[0m
[0;32mI (429) cpu_start: Project name:     gatt_server[0m
[0;32mI (434) cpu_start: App version:      1[0m
[0;32mI (439) cpu_start: Compile time:     Apr 15 2024 11:53:03[0m
[0;32mI (445) cpu_start: ELF file SHA256:  b4ff4ebed...[0m
[0;32mI (450) cpu_start: ESP-IDF:          v5.2.1[0m
[0;32mI (455) cpu_start: Min chip rev:     v0.0[0m
[0;32mI (460) cpu_start: Max chip rev:     v3.99 [0m
[0;32mI (465) cpu_start: Chip rev:         v3.1[0m
[0;32mI (470) heap_init: Initializing. RAM available for dynamic allocation:[0m
[0;32mI (477) heap_init: At 3FFAFF10 len 000000F0 (0 KiB): DRAM[0m
[0;32mI (483) heap_init: At 3FFB6388 len 00001C78 (7 KiB): DRAM[0m
[0;32mI (489) heap_init: At 3FFB9A20 len 00004108 (16 KiB): DRAM[0m
[0;32mI (495) heap_init: At 3FFC7260 len 00018DA0 (99 KiB): DRAM[0m
[0;32mI (501) heap_init: At 3FFE0440 len 00003AE0 (14 KiB): D/IRAM[0m
[0;32mI (507) heap_init: At 3FFE4350 len 0001BCB0 (111 KiB): D/IRAM[0m
[0;32mI (514) heap_init: At 4009A358 len 00005CA8 (23 KiB): IRAM[0m
[0;32mI (522) spi_flash: detected chip: generic[0m
[0;32mI (525) spi_flash: flash io: dio[0m
[0;33mW (529) spi_flash: Detected size(4096k) larger than the size in the binary image header(2048k). Using the size in the binary image header.[0m
[0;33mW (542) i2c: This driver is an old driver, please migrate your application code to adapt `driver/i2c_master.h`[0m
[0;32mI (553) coexist: coex firmware version: 77cd7f8[0m
[0;32mI (558) main_task: Started on CPU0[0m
[0;32mI (568) main_task: Calling app_main()[0m
[0;32mI (568) mpu: Pitch: 0.000000 Roll: 0.000000[0m
[0;31mE (1568) FreeRTOS: FreeRTOS Task "mpuval" should not return, Aborting now![0m

abort() was called at PC 0x400931d3 on core 0


Backtrace: 0x4008190e:0x3ffc8690 0x400926cd:0x3ffc86b0 0x40098425:0x3ffc86d0 0x400931d3:0x3ffc8740




ELF file SHA256: b4ff4ebed

Rebooting...
ets Jul 29 2019 12:21:46

rst:0xc (SW_CPU_RESET),boot:0x13 (SPI_FAST_FLASH_BOOT)
configsip: 0, SPIWP:0xee
clk_drv:0x00,q_drv:0x00,d_drv:0x00,cs0_drv:0x00,hd_drv:0x00,wp_drv:0x00
mode:DIO, clock div:2
load:0x3fff0030,len:7172
load:0x40078000,len:15540
load:0x40080400,len:4
ho 8 tail 4 room 4
load:0x40080404,len:3904
entry 0x40080640
[0;32mI (31) boot: ESP-IDF v5.2.1 2nd stage bootloader[0m
[0;32mI (31) boot: compile time Apr 15 2024 11:53:17[0m
[0;32mI (31) boot: Multicore bootloader[0m
[0;32mI (35) boot: chip revision: v3.1[0m
[0;32mI (39) boot.esp32: SPI Speed      : 40MHz[0m
[0;32mI (44) boot.esp32: SPI Mode       : DIO[0m
[0;32mI (48) boot.esp32: SPI Flash Size : 2MB[0m
[0;32mI (53) boot: Enabling RNG early entropy source...[0m
[0;32mI (58) boot: Partition Table:[0m
[0;32mI (62) boot: ## Label            Usage          Type ST Offset   Length[0m
[0;32mI (69) boot:  0 nvs              WiFi data        01 02 00009000 00006000[0m
[0;32mI (76) boot:  1 phy_init         RF data          01 01 0000f000 00001000[0m
[0;32mI (84) boot:  2 factory          factory app      00 00 00010000 00100000[0m
[0;32mI (91) boot: End of partition table[0m
[0;32mI (96) esp_image: segment 0: paddr=00010020 vaddr=3f400020 size=24f60h (151392) map[0m
[0;32mI (156) esp_image: segment 1: paddr=00034f88 vaddr=3ffbdb60 size=04afch ( 19196) load[0m
[0;32mI (163) esp_image: segment 2: paddr=00039a8c vaddr=40080000 size=0658ch ( 25996) load[0m
[0;32mI (174) esp_image: segment 3: paddr=00040020 vaddr=400d0020 size=84c18h (543768) map[0m
[0;32mI (360) esp_image: segment 4: paddr=000c4c40 vaddr=4008658c size=13dcch ( 81356) load[0m
[0;32mI (406) boot: Loaded app from partition at offset 0x10000[0m
[0;32mI (406) boot: Disabling RNG early entropy source...[0m
[0;32mI (417) cpu_start: Multicore app[0m
[0;32mI (426) cpu_start: Pro cpu start user code[0m
[0;32mI (426) cpu_start: cpu freq: 160000000 Hz[0m
[0;32mI (426) cpu_start: Application information:[0m
[0;32mI (429) cpu_start: Project name:     gatt_server[0m
[0;32mI (434) cpu_start: App version:      1[0m
[0;32mI (439) cpu_start: Compile time:     Apr 15 2024 11:53:03[0m
[0;32mI (445) cpu_start: ELF file SHA256:  b4ff4ebed...[0m
[0;32mI (450) cpu_start: ESP-IDF:          v5.2.1[0m
[0;32mI (455) cpu_start: Min chip rev:     v0.0[0m
[0;32mI (460) cpu_start: Max chip rev:     v3.99 [0m
[0;32mI (465) cpu_start: Chip rev:         v3.1[0m
[0;32mI (470) heap_init: Initializing. RAM available for dynamic allocation:[0m
[0;32mI (477) heap_init: At 3FFAFF10 len 000000F0 (0 KiB): DRAM[0m
[0;32mI (483) heap_init: At 3FFB6388 len 00001C78 (7 KiB): DRAM[0m
[0;32mI (489) heap_init: At 3FFB9A20 len 00004108 (16 KiB): DRAM[0m
[0;32mI (495) heap_init: At 3FFC7260 len 00018DA0 (99 KiB): DRAM[0m
[0;32mI (501) heap_init: At 3FFE0440 len 00003AE0 (14 KiB): D/IRAM[0m
[0;32mI (507) heap_init: At 3FFE4350 len 0001BCB0 (111 KiB): D/IRAM[0m
[0;32mI (514) heap_init: At 4009A358 len 00005CA8 (23 KiB): IRAM[0m
[0;32mI (522) spi_flash: detected chip: generic[0m
[0;32mI (525) spi_flash: flash io: dio[0m
[0;33mW (529) spi_flash: Detected size(4096k) larger than the size in the binary image header(2048k). Using the size in the binary image header.[0m
[0;33mW (542) i2c: This driver is an old driver, please migrate your application code to adapt `driver/i2c_master.h`[0m
[0;32mI (553) coexist: coex firmware version: 77cd7f8[0m
[0;32mI (558) main_task: Started on CPU0[0m
[0;32mI (568) main_task: Calling app_main()[0m
[0;32mI (568) mpu: Pitch: 0.000000 Roll: 0.000000[0m
[0;31mE (1568) FreeRTOS: FreeRTOS Task "mpuval" should not return, Aborting now![0m

abort() was called at PC 0x400931d3 on core 0


Backtrace: 0x4008190e:0x3ffc8690 0x400926cd:0x3ffc86b0 0x40098425:0x3ffc86d0 0x400931d3:0x3ffc8740




ELF file SHA256: b4ff4ebed

Rebooting...
ets Jul 29 2019 12:21:46

rst:0xc (SW_CPU_RESET),boot:0x13 (SPI_FAST_FLASH_BOOT)
configsip: 0, SPIWP:0xee
clk_drv:0x00,q_drv:0x00,d_drv:0x00,cs0_drv:0x00,hd_drv:0x00,wp_drv:0x00
mode:DIO, clock div:2
load:0x3fff0030,len:7172
load:0x40078000,len:15540
load:0x40080400,len:4
ho 8 tail 4 room 4
load:0x40080404,len:3904
entry 0x40080640
[0;32mI (31) boot: ESP-IDF v5.2.1 2nd stage bootloader[0m
[0;32mI (31) boot: compile time Apr 15 2024 11:53:17[0m
[0;32mI (31) boot: Multicore bootloader[0m
[0;32mI (35) boot: chip revision: v3.1[0m
[0;32mI (39) boot.esp32: SPI Speed      : 40MHz[0m
[0;32mI (44) boot.esp32: SPI Mode       : DIO[0m
[0;32mI (48) boot.esp32: SPI Flash Size : 2MB[0m
[0;32mI (53) boot: Enabling RNG early entropy source...[0m
[0;32mI (58) boot: Partition Table:[0m
[0;32mI (62) boot: ## Label            Usage          Type ST Offset   Length[0m
[0;32mI (69) boot:  0 nvs              WiFi data        01 02 00009000 00006000[0m
[0;32mI (76) boot:  1 phy_init         RF data          01 01 0000f000 00001000[0m
[0;32mI (84) boot:  2 factory          factory app      00 00 00010000 00100000[0m
[0;32mI (91) boot: End of partition table[0m
[0;32mI (96) esp_image: segment 0: paddr=00010020 vaddr=3f400020 size=24f60h (151392) map[0m
[0;32mI (156) esp_image: segment 1: paddr=00034f88 vaddr=3ffbdb60 size=04afch ( 19196) load[0m
[0;32mI (163) esp_image: segment 2: paddr=00039a8c vaddr=40080000 size=0658ch ( 25996) load[0m
[0;32mI (174) esp_image: segment 3: paddr=00040020 vaddr=400d0020 size=84c18h (543768) map[0m
[0;32mI (360) esp_image: segment 4: paddr=000c4c40 vaddr=4008658c size=13dcch ( 81356) load[0m
[0;32mI (406) boot: Loaded app from partition at offset 0x10000[0m
[0;32mI (406) boot: Disabling RNG early entropy source...[0m
[0;32mI (417) cpu_start: Multicore app[0m
[0;32mI (426) cpu_start: Pro cpu start user code[0m
[0;32mI (426) cpu_start: cpu freq: 160000000 Hz[0m
[0;32mI (426) cpu_start: Application information:[0m
[0;32mI (429) cpu_start: Project name:     gatt_server[0m
[0;32mI (434) cpu_start: App version:      1[0m
[0;32mI (439) cpu_start: Compile time:     Apr 15 2024 11:53:03[0m
[0;32mI (445) cpu_start: ELF file SHA256:  b4ff4ebed...[0m
[0;32mI (450) cpu_start: ESP-IDF:          v5.2.1[0m
[0;32mI (455) cpu_start: Min chip rev:     v0.0[0m
[0;32mI (460) cpu_start: Max chip rev:     v3.99 [0m
[0;32mI (465) cpu_start: Chip rev:         v3.1[0m
[0;32mI (470) heap_init: Initializing. RAM available for dynamic allocation:[0m
[0;32mI (477) heap_init: At 3FFAFF10 len 000000F0 (0 KiB): DRAM[0m
[0;32mI (483) heap_init: At 3FFB6388 len 00001C78 (7 KiB): DRAM[0m
[0;32mI (489) heap_init: At 3FFB9A20 len 00004108 (16 KiB): DRAM[0m
[0;32mI (495) heap_init: At 3FFC7260 len 00018DA0 (99 KiB): DRAM[0m
[0;32mI (501) heap_init: At 3FFE0440 len 00003AE0 (14 KiB): D/IRAM[0m
[0;32mI (507) heap_init: At 3FFE4350 len 0001BCB0 (111 KiB): D/IRAM[0m
[0;32mI (514) heap_init: At 4009A358 len 00005CA8 (23 KiB): IRAM[0m
[0;32mI (522) spi_flash: detected chip: generic[0m
[0;32mI (525) spi_flash: flash io: dio[0m
[0;33mW (529) spi_flash: Detected size(4096k) larger than the size in the binary image header(2048k). Using the size in the binary image header.[0m
[0;33mW (542) i2c: This driver is an old driver, please migrate your application code to adapt `driver/i2c_master.h`[0m
[0;32mI (553) coexist: coex firmware version: 77cd7f8[0m
[0;32mI (558) main_task: Started on CPU0[0m
[0;32mI (568) main_task: Calling app_main()[0m
[0;32mI (568) mpu: Pitch: 0.000000 Roll: 0.000000[0m
[0;31mE (1568) FreeRTOS: FreeRTOS Task "mpuval" should not return, Aborting now![0m

abort() was called at PC 0x400931d3 on core 0


Backtrace: 0x4008190e:0x3ffc8690 0x400926cd:0x3ffc86b0 0x40098425:0x3ffc86d0 0x400931d3:0x3ffc8740




ELF file SHA256: b4ff4ebed

Rebooting...
ets Jul 29 2019 12:21:46

rst:0xc (SW_CPU_RESET),boot:0x13 (SPI_FAST_FLASH_BOOT)
configsip: 0, SPIWP:0xee
clk_drv:0x00,q_drv:0x00,d_drv:0x00,cs0_drv:0x00,hd_drv:0x00,wp_drv:0x00
mode:DIO, clock div:2
load:0x3fff0030,len:7172
load:0x40078000,len:15540
load:0x40080400,len:4
ho 8 tail 4 room 4
load:0x40080404,len:3904
entry 0x40080640
[0;32mI (31) boot: ESP-IDF v5.2.1 2nd stage bootloader[0m
[0;32mI (31) boot: compile time Apr 15 2024 11:53:17[0m
[0;32mI (31) boot: Multicore bootloader[0m
[0;32mI (35) boot: chip revision: v3.1[0m
[0;32mI (39) boot.esp32: SPI Speed      : 40MHz[0m
[0;32mI (44) boot.esp32: SPI Mode       : DIO[0m
[0;32mI (48) boot.esp32: SPI Flash Size : 2MB[0m
[0;32mI (53) boot: Enabling RNG early entropy source...[0m
[0;32mI (58) boot: Partition Table:[0m
[0;32mI (62) boot: ## Label            Usage          Type ST Offset   Length[0m
[0;32mI (69) boot:  0 nvs              WiFi data        01 02 00009000 00006000[0m
[0;32mI (76) boot:  1 phy_init         RF data          01 01 0000f000 00001000[0m
[0;32mI (84) boot:  2 factory          factory app      00 00 00010000 00100000[0m
[0;32mI (91) boot: End of partition table[0m
[0;32mI (96) esp_image: segment 0: paddr=00010020 vaddr=3f400020 size=24f60h (151392) map[0m
[0;32mI (156) esp_image: segment 1: paddr=00034f88 vaddr=3ffbdb60 size=04afch ( 19196) load[0m
[0;32mI (163) esp_image: segment 2: paddr=00039a8c vaddr=40080000 size=0658ch ( 25996) load[0m
[0;32mI (174) esp_image: segment 3: paddr=00040020 vaddr=400d0020 size=84c18h (543768) map[0m
[0;32mI (360) esp_image: segment 4: paddr=000c4c40 vaddr=4008658c size=13dcch ( 81356) load[0m
[0;32mI (406) boot: Loaded app from partition at offset 0x10000[0m
[0;32mI (406) boot: Disabling RNG early entropy source...[0m
[0;32mI (417) cpu_start: Multicore app[0m
[0;32mI (426) cpu_start: Pro cpu start user code[0m
[0;32mI (426) cpu_start: cpu freq: 160000000 Hz[0m
[0;32mI (426) cpu_start: Application information:[0m
[0;32mI (429) cpu_start: Project name:     gatt_server[0m
[0;32mI (434) cpu_start: App version:      1[0m
[0;32mI (439) cpu_start: Compile time:     Apr 15 2024 11:53:03[0m
[0;32mI (445) cpu_start: ELF file SHA256:  b4ff4ebed...[0m
[0;32mI (450) cpu_start: ESP-IDF:          v5.2.1[0m
[0;32mI (455) cpu_start: Min chip rev:     v0.0[0m
[0;32mI (460) cpu_start: Max chip rev:     v3.99 [0m
[0;32mI (465) cpu_start: Chip rev:         v3.1[0m
[0;32mI (470) heap_init: Initializing. RAM available for dynamic allocation:[0m
[0;32mI (477) heap_init: At 3FFAFF10 len 000000F0 (0 KiB): DRAM[0m
[0;32mI (483) heap_init: At 3FFB6388 len 00001C78 (7 KiB): DRAM[0m
[0;32mI (489) heap_init: At 3FFB9A20 len 00004108 (16 KiB): DRAM[0m
[0;32mI (495) heap_init: At 3FFC7260 len 00018DA0 (99 KiB): DRAM[0m
[0;32mI (501) heap_init: At 3FFE0440 len 00003AE0 (14 KiB): D/IRAM[0m
[0;32mI (507) heap_init: At 3FFE4350 len 0001BCB0 (111 KiB): D/IRAM[0m
[0;32mI (514) heap_init: At 4009A358 len 00005CA8 (23 KiB): IRAM[0m
[0;32mI (522) spi_flash: detected chip: generic[0m
[0;32mI (525) spi_flash: flash io: dio[0m
[0;33mW (529) spi_flash: Detected size(4096k) larger than the size in the binary image header(2048k). Using the size in the binary image header.[0m
[0;33mW (542) i2c: This driver is an old driver, please migrate your application code to adapt `driver/i2c_master.h`[0m
[0;32mI (553) coexist: coex firmware version: 77cd7f8[0m
[0;32mI (558) main_task: Started on CPU0[0m
[0;32mI (568) main_task: Calling app_main()[0m
[0;32mI (568) mpu: Pitch: 0.000000 Roll: 0.000000[0m
[0;31mE (1568) FreeRTOS: FreeRTOS Task "mpuval" should not return, Aborting now![0m

abort() was called at PC 0x400931d3 on core 0


Backtrace: 0x4008190e:0x3ffc8690 0x400926cd:0x3ffc86b0 0x40098425:0x3ffc86d0 0x400931d3:0x3ffc8740




ELF file SHA256: b4ff4ebed

Rebooting...
ets Jul 29 2019 12:21:46

rst:0xc (SW_CPU_RESET),boot:0x13 (SPI_FAST_FLASH_BOOT)
configsip: 0, SPIWP:0xee
clk_drv:0x00,q_drv:0x00,d_drv:0x00,cs0_drv:0x00,hd_drv:0x00,wp_drv:0x00
mode:DIO, clock div:2
load:0x3fff0030,len:7172
load:0x40078000,len:15540
load:0x40080400,len:4
ho 8 tail 4 room 4
load:0x40080404,len:3904
entry 0x40080640
[0;32mI (31) boot: ESP-IDF v5.2.1 2nd stage bootloader[0m
[0;32mI (31) boot: compile time Apr 15 2024 11:53:17[0m
[0;32mI (31) boot: Multicore bootloader[0m
[0;32mI (35) boot: chip revision: v3.1[0m
[0;32mI (39) boot.esp32: SPI Speed      : 40MHz[0m
[0;32mI (44) boot.esp32: SPI Mode       : DIO[0m
[0;32mI (48) boot.esp32: SPI Flash Size : 2MB[0m
[0;32mI (53) boot: Enabling RNG early entropy source...[0m
[0;32mI (58) boot: Partition Table:[0m
[0;32mI (62) boot: ## Label            Usage          Type ST Offset   Length[0m
[0;32mI (69) boot:  0 nvs              WiFi data        01 02 00009000 00006000[0m
[0;32mI (76) boot:  1 phy_init         RF data          01 01 0000f000 00001000[0m
[0;32mI (84) boot:  2 factory          factory app      00 00 00010000 00100000[0m
[0;32mI (91) boot: End of partition table[0m
[0;32mI (96) esp_image: segment 0: paddr=00010020 vaddr=3f400020 size=24f60h (151392) map[0m
[0;32mI (156) esp_image: segment 1: paddr=00034f88 vaddr=3ffbdb60 size=04afch ( 19196) load[0m
[0;32mI (163) esp_image: segment 2: paddr=00039a8c vaddr=40080000 size=0658ch ( 25996) load[0m
[0;32mI (174) esp_image: segment 3: paddr=00040020 vaddr=400d0020 size=84c18h (543768) map[0m
[0;32mI (360) esp_image: segment 4: paddr=000c4c40 vaddr=4008658c size=13dcch ( 81356) load[0m
[0;32mI (406) boot: Loaded app from partition at offset 0x10000[0m
[0;32mI (406) boot: Disabling RNG early entropy source...[0m
[0;32mI (417) cpu_start: Multicore app[0m
[0;32mI (426) cpu_start: Pro cpu start user code[0m
[0;32mI (426) cpu_start: cpu freq: 160000000 Hz[0m
[0;32mI (426) cpu_start: Application information:[0m
[0;32mI (429) cpu_start: Project name:     gatt_server[0m
[0;32mI (434) cpu_start: App version:      1[0m
[0;32mI (439) cpu_start: Compile time:     Apr 15 2024 11:53:03[0m
[0;32mI (445) cpu_start: ELF file SHA256:  b4ff4ebed...[0m
[0;32mI (450) cpu_start: ESP-IDF:          v5.2.1[0m
[0;32mI (455) cpu_start: Min chip rev:     v0.0[0m
[0;32mI (460) cpu_start: Max chip rev:     v3.99 [0m
[0;32mI (465) cpu_start: Chip rev:         v3.1[0m
[0;32mI (470) heap_init: Initializing. RAM available for dynamic allocation:[0m
[0;32mI (477) heap_init: At 3FFAFF10 len 000000F0 (0 KiB): DRAM[0m
[0;32mI (483) heap_init: At 3FFB6388 len 00001C78 (7 KiB): DRAM[0m
[0;32mI (489) heap_init: At 3FFB9A20 len 00004108 (16 KiB): DRAM[0m
[0;32mI (495) heap_init: At 3FFC7260 len 00018DA0 (99 KiB): DRAM[0m
[0;32mI (501) heap_init: At 3FFE0440 len 00003AE0 (14 KiB): D/IRAM[0m
[0;32mI (507) heap_init: At 3FFE4350 len 0001BCB0 (111 KiB): D/IRAM[0m
[0;32mI (514) heap_init: At 4009A358 len 00005CA8 (23 KiB): IRAM[0m
[0;32mI (522) spi_flash: detected chip: generic[0m
[0;32mI (525) spi_flash: flash io: dio[0m
[0;33mW (529) spi_flash: Detected size(4096k) larger than the size in the binary image header(2048k). Using the size in the binary image header.[0m
[0;33mW (542) i2c: This driver is an old driver, please migrate your application code to adapt `driver/i2c_master.h`[0m
[0;32mI (553) coexist: coex firmware version: 77cd7f8[0m
[0;32mI (558) main_task: Started on CPU0[0m
[0;32mI (568) main_task: Calling app_main()[0m
[0;32mI (568) mpu: Pitch: 0.000000 Roll: 0.000000[0m
[0;31mE (1568) FreeRTOS: FreeRTOS Task "mpuval" should not return, Aborting now![0m

abort() was called at PC 0x400931d3 on core 0


Backtrace: 0x4008190e:0x3ffc8690 0x400926cd:0x3ffc86b0 0x40098425:0x3ffc86d0 0x400931d3:0x3ffc8740




ELF file SHA256: b4ff4ebed

Rebooting...
ets Jul 29 2019 12:21:46

rst:0xc (SW_CPU_RESET),boot:0x13 (SPI_FAST_FLASH_BOOT)
configsip: 0, SPIWP:0xee
clk_drv:0x00,q_drv:0x00,d_drv:0x00,cs0_drv:0x00,hd_drv:0x00,wp_drv:0x00
mode:DIO, clock div:2
load:0x3fff0030,len:7172
load:0x40078000,len:15540
load:0x40080400,len:4
ho 8 tail 4 room 4
load:0x40080404,len:3904
entry 0x40080640
[0;32mI (31) boot: ESP-IDF v5.2.1 2nd stage bootloader[0m
[0;32mI (31) boot: compile time Apr 15 2024 11:53:17[0m
[0;32mI (31) boot: Multicore bootloader[0m
[0;32mI (35) boot: chip revision: v3.1[0m
[0;32mI (39) boot.esp32: SPI Speed      : 40MHz[0m
[0;32mI (44) boot.esp32: SPI Mode       : DIO[0m
[0;32mI (48) boot.esp32: SPI Flash Size : 2MB[0m
[0;32mI (53) boot: Enabling RNG early entropy source...[0m
[0;32mI (58) boot: Partition Table:[0m
[0;32mI (62) boot: ## Label            Usage          Type ST Offset   Length[0m
[0;32mI (69) boot:  0 nvs              WiFi data        01 02 00009000 00006000[0m
[0;32mI (76) boot:  1 phy_init         RF data          01 01 0000f000 00001000[0m
[0;32mI (84) boot:  2 factory          factory app      00 00 00010000 00100000[0m
[0;32mI (91) boot: End of partition table[0m
[0;32mI (96) esp_image: segment 0: paddr=00010020 vaddr=3f400020 size=24f60h (151392) map[0m
[0;32mI (156) esp_image: segment 1: paddr=00034f88 vaddr=3ffbdb60 size=04afch ( 19196) load[0m
[0;32mI (163) esp_image: segment 2: paddr=00039a8c vaddr=40080000 size=0658ch ( 25996) load[0m
[0;32mI (174) esp_image: segment 3: paddr=00040020 vaddr=400d0020 size=84c18h (543768) map[0m
[0;32mI (360) esp_image: segment 4: paddr=000c4c40 vaddr=4008658c size=13dcch ( 81356) load[0m
[0;32mI (406) boot: Loaded app from partition at offset 0x10000[0m
[0;32mI (406) boot: Disabling RNG early entropy source...[0m
[0;32mI (417) cpu_start: Multicore app[0m
[0;32mI (426) cpu_start: Pro cpu start user code[0m
[0;32mI (426) cpu_start: cpu freq: 160000000 Hz[0m
[0;32mI (426) cpu_start: Application information:[0m
[0;32mI (429) cpu_start: Project name:     gatt_server[0m
[0;32mI (434) cpu_start: App version:      1[0m
[0;32mI (439) cpu_start: Compile time:     Apr 15 2024 11:53:03[0m
[0;32mI (445) cpu_start: ELF file SHA256:  b4ff4ebed...[0m
[0;32mI (450) cpu_start: ESP-IDF:          v5.2.1[0m
[0;32mI (455) cpu_start: Min chip rev:     v0.0[0m
[0;32mI (460) cpu_start: Max chip rev:     v3.99 [0m
[0;32mI (465) cpu_start: Chip rev:         v3.1[0m
[0;32mI (470) heap_init: Initializing. RAM available for dynamic allocation:[0m
[0;32mI (477) heap_init: At 3FFAFF10 len 000000F0 (0 KiB): DRAM[0m
[0;32mI (483) heap_init: At 3FFB6388 len 00001C78 (7 KiB): DRAM[0m
[0;32mI (489) heap_init: At 3FFB9A20 len 00004108 (16 KiB): DRAM[0m
[0;32mI (495) heap_init: At 3FFC7260 len 00018DA0 (99 KiB): DRAM[0m
[0;32mI (501) heap_init: At 3FFE0440 len 00003AE0 (14 KiB): D/IRAM[0m
[0;32mI (507) heap_init: At 3FFE4350 len 0001BCB0 (111 KiB): D/IRAM[0m
[0;32mI (514) heap_init: At 4009A358 len 00005CA8 (23 KiB): IRAM[0m
[0;32mI (522) spi_flash: detected chip: generic[0m
[0;32mI (525) spi_flash: flash io: dio[0m
[0;33mW (529) spi_flash: Detected size(4096k) larger than the size in the binary image header(2048k). Using the size in the binary image header.[0m
[0;33mW (542) i2c: This driver is an old driver, please migrate your application code to adapt `driver/i2c_master.h`[0m
[0;32mI (553) coexist: coex firmware version: 77cd7f8[0m
[0;32mI (558) main_task: Started on CPU0[0m
[0;32mI (568) main_task: Calling app_main()[0m
[0;32mI (568) mpu: Pitch: 0.000000 Roll: 0.000000[0m
[0;31mE (1568) FreeRTOS: FreeRTOS Task "mpuval" should not return, Aborting now![0m

abort() was called at PC 0x400931d3 on core 0


Backtrace: 0x4008190e:0x3ffc8690 0x400926cd:0x3ffc86b0 0x40098425:0x3ffc86d0 0x400931d3:0x3ffc8740




ELF file SHA256: b4ff4ebed

Rebooting...
ets Jul 29 2019 12:21:46

rst:0xc (SW_CPU_RESET),boot:0x13 (SPI_FAST_FLASH_BOOT)
configsip: 0, SPIWP:0xee
clk_drv:0x00,q_drv:0x00,d_drv:0x00,cs0_drv:0x00,hd_drv:0x00,wp_drv:0x00
mode:DIO, clock div:2
load:0x3fff0030,len:7172
load:0x40078000,len:15540
load:0x40080400,len:4
ho 8 tail 4 room 4
load:0x40080404,len:3904
entry 0x40080640
[0;32mI (31) boot: ESP-IDF v5.2.1 2nd stage bootloader[0m
[0;32mI (31) boot: compile time Apr 15 2024 11:53:17[0m
[0;32mI (31) boot: Multicore bootloader[0m
[0;32mI (35) boot: chip revision: v3.1[0m
[0;32mI (39) boot.esp32: SPI Speed      : 40MHz[0m
[0;32mI (44) boot.esp32: SPI Mode       : DIO[0m
[0;32mI (48) boot.esp32: SPI Flash Size : 2MB[0m
[0;32mI (53) boot: Enabling RNG early entropy source...[0m
[0;32mI (58) boot: Partition Table:[0m
[0;32mI (62) boot: ## Label            Usage          Type ST Offset   Length[0m
[0;32mI (69) boot:  0 nvs              WiFi data        01 02 00009000 00006000[0m
[0;32mI (76) boot:  1 phy_init         RF data          01 01 0000f000 00001000[0m
[0;32mI (84) boot:  2 factory          factory app      00 00 00010000 00100000[0m
[0;32mI (91) boot: End of partition table[0m
[0;32mI (96) esp_image: segment 0: paddr=00010020 vaddr=3f400020 size=24f60h (151392) map[0m
[0;32mI (156) esp_image: segment 1: paddr=00034f88 vaddr=3ffbdb60 size=04afch ( 19196) load[0m
[0;32mI (163) esp_image: segment 2: paddr=00039a8c vaddr=40080000 size=0658ch ( 25996) load[0m
[0;32mI (174) esp_image: segment 3: paddr=00040020 vaddr=400d0020 size=84c18h (543768) map[0m
[0;32mI (360) esp_image: segment 4: paddr=000c4c40 vaddr=4008658c size=13dcch ( 81356) load[0m
[0;32mI (406) boot: Loaded app from partition at offset 0x10000[0m
[0;32mI (406) boot: Disabling RNG early entropy source...[0m
[0;32mI (417) cpu_start: Multicore app[0m
[0;32mI (426) cpu_start: Pro cpu start user code[0m
[0;32mI (426) cpu_start: cpu freq: 160000000 Hz[0m
[0;32mI (426) cpu_start: Application information:[0m
[0;32mI (429) cpu_start: Project name:     gatt_server[0m
[0;32mI (434) cpu_start: App version:      1[0m
[0;32mI (439) cpu_start: Compile time:     Apr 15 2024 11:53:03[0m
[0;32mI (445) cpu_start: ELF file SHA256:  b4ff4ebed...[0m
[0;32mI (450) cpu_start: ESP-IDF:          v5.2.1[0m
[0;32mI (455) cpu_start: Min chip rev:     v0.0[0m
[0;32mI (460) cpu_start: Max chip rev:     v3.99 [0m
[0;32mI (465) cpu_start: Chip rev:         v3.1[0m
[0;32mI (470) heap_init: Initializing. RAM available for dynamic allocation:[0m
[0;32mI (477) heap_init: At 3FFAFF10 len 000000F0 (0 KiB): DRAM[0m
[0;32mI (483) heap_init: At 3FFB6388 len 00001C78 (7 KiB): DRAM[0m
[0;32mI (489) heap_init: At 3FFB9A20 len 00004108 (16 KiB): DRAM[0m
[0;32mI (495) heap_init: At 3FFC7260 len 00018DA0 (99 KiB): DRAM[0m
[0;32mI (501) heap_init: At 3FFE0440 len 00003AE0 (14 KiB): D/IRAM[0m
[0;32mI (507) heap_init: At 3FFE4350 len 0001BCB0 (111 KiB): D/IRAM[0m
[0;32mI (514) heap_init: At 4009A358 len 00005CA8 (23 KiB): IRAM[0m
[0;32mI (522) spi_flash: detected chip: generic[0m
[0;32mI (525) spi_flash: flash io: dio[0m
[0;33mW (529) spi_flash: Detected size(4096k) larger than the size in the binary image header(2048k). Using the size in the binary image header.[0m
[0;33mW (542) i2c: This driver is an old driver, please migrate your application code to adapt `driver/i2c_master.h`[0m
[0;32mI (553) coexist: coex firmware version: 77cd7f8[0m
[0;32mI (558) main_task: Started on CPU0[0m
[0;32mI (568) main_task: Calling app_main()[0m
[0;32mI (568) mpu: Pitch: 0.000000 Roll: 0.000000[0m
[0;31mE (1568) FreeRTOS: FreeRTOS Task "mpuval" should not return, Aborting now![0m

abort() was called at PC 0x400931d3 on core 0


Backtrace: 0x4008190e:0x3ffc8690 0x400926cd:0x3ffc86b0 0x40098425:0x3ffc86d0 0x400931d3:0x3ffc8740




ELF file SHA256: b4ff4ebed

Rebooting...
ets Jul 29 2019 12:21:46

rst:0xc (SW_CPU_RESET),boot:0x13 (SPI_FAST_FLASH_BOOT)
configsip: 0, SPIWP:0xee
clk_drv:0x00,q_drv:0x00,d_drv:0x00,cs0_drv:0x00,hd_drv:0x00,wp_drv:0x00
mode:DIO, clock div:2
load:0x3fff0030,len:7172
load:0x40078000,len:15540
load:0x40080400,len:4
ho 8 tail 4 room 4
load:0x40080404,len:3904
entry 0x40080640
[0;32mI (31) boot: ESP-IDF v5.2.1 2nd stage bootloader[0m
[0;32mI (31) boot: compile time Apr 15 2024 11:53:17[0m
[0;32mI (31) boot: Multicore bootloader[0m
[0;32mI (35) boot: chip revision: v3.1[0m
[0;32mI (39) boot.esp32: SPI Speed      : 40MHz[0m
[0;32mI (44) boot.esp32: SPI Mode       : DIO[0m
[0;32mI (48) boot.esp32: SPI Flash Size : 2MB[0m
[0;32mI (53) boot: Enabling RNG early entropy source...[0m
[0;32mI (58) boot: Partition Table:[0m
[0;32mI (62) boot: ## Label            Usage          Type ST Offset   Length[0m
[0;32mI (69) boot:  0 nvs              WiFi data        01 02 00009000 00006000[0m
[0;32mI (76) boot:  1 phy_init         RF data          01 01 0000f000 00001000[0m
[0;32mI (84) boot:  2 factory          factory app      00 00 00010000 00100000[0m
[0;32mI (91) boot: End of partition table[0m
[0;32mI (96) esp_image: segment 0: paddr=00010020 vaddr=3f400020 size=24f60h (151392) map[0m
[0;32mI (156) esp_image: segment 1: paddr=00034f88 vaddr=3ffbdb60 size=04afch ( 19196) load[0m
[0;32mI (163) esp_image: segment 2: paddr=00039a8c vaddr=40080000 size=0658ch ( 25996) load[0m
[0;32mI (174) esp_image: segment 3: paddr=00040020 vaddr=400d0020 size=84c18h (543768) map[0m
[0;32mI (360) esp_image: segment 4: paddr=000c4c40 vaddr=4008658c size=13dcch ( 81356) load[0m
[0;32mI (406) boot: Loaded app from partition at offset 0x10000[0m
[0;32mI (406) boot: Disabling RNG early entropy source...[0m
[0;32mI (417) cpu_start: Multicore app[0m
[0;32mI (426) cpu_start: Pro cpu start user code[0m
[0;32mI (426) cpu_start: cpu freq: 160000000 Hz[0m
[0;32mI (426) cpu_start: Application information:[0m
[0;32mI (429) cpu_start: Project name:     gatt_server[0m
[0;32mI (434) cpu_start: App version:      1[0m
[0;32mI (439) cpu_start: Compile time:     Apr 15 2024 11:53:03[0m
[0;32mI (445) cpu_start: ELF file SHA256:  b4ff4ebed...[0m
[0;32mI (450) cpu_start: ESP-IDF:          v5.2.1[0m
[0;32mI (455) cpu_start: Min chip rev:     v0.0[0m
[0;32mI (460) cpu_start: Max chip rev:     v3.99 [0m
[0;32mI (465) cpu_start: Chip rev:         v3.1[0m
[0;32mI (470) heap_init: Initializing. RAM available for dynamic allocation:[0m
[0;32mI (477) heap_init: At 3FFAFF10 len 000000F0 (0 KiB): DRAM[0m
[0;32mI (483) heap_init: At 3FFB6388 len 00001C78 (7 KiB): DRAM[0m
[0;32mI (489) heap_init: At 3FFB9A20 len 00004108 (16 KiB): DRAM[0m
[0;32mI (495) heap_init: At 3FFC7260 len 00018DA0 (99 KiB): DRAM[0m
[0;32mI (501) heap_init: At 3FFE0440 len 00003AE0 (14 KiB): D/IRAM[0m
[0;32mI (507) heap_init: At 3FFE4350 len 0001BCB0 (111 KiB): D/IRAM[0m
[0;32mI (514) heap_init: At 4009A358 len 00005CA8 (23 KiB): IRAM[0m
[0;32mI (522) spi_flash: detected chip: generic[0m
[0;32mI (525) spi_flash: flash io: dio[0m
[0;33mW (529) spi_flash: Detected size(4096k) larger than the size in the binary image header(2048k). Using the size in the binary image header.[0m
[0;33mW (542) i2c: This driver is an old driver, please migrate your application code to adapt `driver/i2c_master.h`[0m
[0;32mI (553) coexist: coex firmware version: 77cd7f8[0m
[0;32mI (558) main_task: Started on CPU0[0m
[0;32mI (568) main_task: Calling app_main()[0m
[0;32mI (568) mpu: Pitch: 0.000000 Roll: 0.000000[0m
